09:32:58 **** Build of project IKS01A1_test_bsp ****
make -k all 
"Running Make include in iop3_mb/libsrc/arduino_io_switch_v1_0/src"
make -C iop3_mb/libsrc/arduino_io_switch_v1_0/src -s include  "SHELL=CMD" "COMPILER=mb-gcc" "ARCHIVER=mb-ar" "COMPILER_FLAGS= -O2 -c -mcpu=v9.6 -mlittle-endian -mxl-soft-mul" "EXTRA_COMPILER_FLAGS=-g"
"Running Make include in iop3_mb/libsrc/bram_v4_1/src"
make -C iop3_mb/libsrc/bram_v4_1/src -s include  "SHELL=CMD" "COMPILER=mb-gcc" "ARCHIVER=mb-ar" "COMPILER_FLAGS= -O2 -c -mcpu=v9.6 -mlittle-endian -mxl-soft-mul" "EXTRA_COMPILER_FLAGS=-g"
"Running Make include in iop3_mb/libsrc/cpu_v2_4/src"
make -C iop3_mb/libsrc/cpu_v2_4/src -s include  "SHELL=CMD" "COMPILER=mb-gcc" "ARCHIVER=mb-ar" "COMPILER_FLAGS= -O2 -c -mcpu=v9.6 -mlittle-endian -mxl-soft-mul" "EXTRA_COMPILER_FLAGS=-g"
"Running Make include in iop3_mb/libsrc/gpio_v4_1/src"
make -C iop3_mb/libsrc/gpio_v4_1/src -s include  "SHELL=CMD" "COMPILER=mb-gcc" "ARCHIVER=mb-ar" "COMPILER_FLAGS= -O2 -c -mcpu=v9.6 -mlittle-endian -mxl-soft-mul" "EXTRA_COMPILER_FLAGS=-g"
"Running Make include in iop3_mb/libsrc/iic_v3_2/src"
make -C iop3_mb/libsrc/iic_v3_2/src -s include  "SHELL=CMD" "COMPILER=mb-gcc" "ARCHIVER=mb-ar" "COMPILER_FLAGS= -O2 -c -mcpu=v9.6 -mlittle-endian -mxl-soft-mul" "EXTRA_COMPILER_FLAGS=-g"
"Running Make include in iop3_mb/libsrc/intc_v3_5/src"
make -C iop3_mb/libsrc/intc_v3_5/src -s include  "SHELL=CMD" "COMPILER=mb-gcc" "ARCHIVER=mb-ar" "COMPILER_FLAGS= -O2 -c -mcpu=v9.6 -mlittle-endian -mxl-soft-mul" "EXTRA_COMPILER_FLAGS=-g"
"Running Make include in iop3_mb/libsrc/spi_v4_2/src"
make -C iop3_mb/libsrc/spi_v4_2/src -s include  "SHELL=CMD" "COMPILER=mb-gcc" "ARCHIVER=mb-ar" "COMPILER_FLAGS= -O2 -c -mcpu=v9.6 -mlittle-endian -mxl-soft-mul" "EXTRA_COMPILER_FLAGS=-g"
"Running Make include in iop3_mb/libsrc/standalone_v5_4/src"
make -C iop3_mb/libsrc/standalone_v5_4/src -s include  "SHELL=CMD" "COMPILER=mb-gcc" "ARCHIVER=mb-ar" "COMPILER_FLAGS= -O2 -c -mcpu=v9.6 -mlittle-endian -mxl-soft-mul" "EXTRA_COMPILER_FLAGS=-g"
"Running Make include in iop3_mb/libsrc/sysmon_v7_2/src"
make -C iop3_mb/libsrc/sysmon_v7_2/src -s include  "SHELL=CMD" "COMPILER=mb-gcc" "ARCHIVER=mb-ar" "COMPILER_FLAGS= -O2 -c -mcpu=v9.6 -mlittle-endian -mxl-soft-mul" "EXTRA_COMPILER_FLAGS=-g"
"Running Make include in iop3_mb/libsrc/tmrctr_v4_1/src"
make -C iop3_mb/libsrc/tmrctr_v4_1/src -s include  "SHELL=CMD" "COMPILER=mb-gcc" "ARCHIVER=mb-ar" "COMPILER_FLAGS= -O2 -c -mcpu=v9.6 -mlittle-endian -mxl-soft-mul" "EXTRA_COMPILER_FLAGS=-g"
"Running Make include in iop3_mb/libsrc/uartlite_v3_2/src"
make -C iop3_mb/libsrc/uartlite_v3_2/src -s include  "SHELL=CMD" "COMPILER=mb-gcc" "ARCHIVER=mb-ar" "COMPILER_FLAGS= -O2 -c -mcpu=v9.6 -mlittle-endian -mxl-soft-mul" "EXTRA_COMPILER_FLAGS=-g"
"Running Make libs in iop3_mb/libsrc/arduino_io_switch_v1_0/src"
make -C iop3_mb/libsrc/arduino_io_switch_v1_0/src -s libs  "SHELL=CMD" "COMPILER=mb-gcc" "ARCHIVER=mb-ar" "COMPILER_FLAGS= -O2 -c -mcpu=v9.6 -mlittle-endian -mxl-soft-mul" "EXTRA_COMPILER_FLAGS=-g"
"Compiling arduino_io_switch..."
mb-ar: creating ../../../lib/libxil.a
"Running Make libs in iop3_mb/libsrc/bram_v4_1/src"
make -C iop3_mb/libsrc/bram_v4_1/src -s libs  "SHELL=CMD" "COMPILER=mb-gcc" "ARCHIVER=mb-ar" "COMPILER_FLAGS= -O2 -c -mcpu=v9.6 -mlittle-endian -mxl-soft-mul" "EXTRA_COMPILER_FLAGS=-g"
"Compiling bram"
"Running Make libs in iop3_mb/libsrc/cpu_v2_4/src"
make -C iop3_mb/libsrc/cpu_v2_4/src -s libs  "SHELL=CMD" "COMPILER=mb-gcc" "ARCHIVER=mb-ar" "COMPILER_FLAGS= -O2 -c -mcpu=v9.6 -mlittle-endian -mxl-soft-mul" "EXTRA_COMPILER_FLAGS=-g"
"Compiling cpu"
"Running Make libs in iop3_mb/libsrc/gpio_v4_1/src"
make -C iop3_mb/libsrc/gpio_v4_1/src -s libs  "SHELL=CMD" "COMPILER=mb-gcc" "ARCHIVER=mb-ar" "COMPILER_FLAGS= -O2 -c -mcpu=v9.6 -mlittle-endian -mxl-soft-mul" "EXTRA_COMPILER_FLAGS=-g"
"Compiling gpio"
"Running Make libs in iop3_mb/libsrc/iic_v3_2/src"
make -C iop3_mb/libsrc/iic_v3_2/src -s libs  "SHELL=CMD" "COMPILER=mb-gcc" "ARCHIVER=mb-ar" "COMPILER_FLAGS= -O2 -c -mcpu=v9.6 -mlittle-endian -mxl-soft-mul" "EXTRA_COMPILER_FLAGS=-g"
"Compiling iic"
"Running Make libs in iop3_mb/libsrc/intc_v3_5/src"
make -C iop3_mb/libsrc/intc_v3_5/src -s libs  "SHELL=CMD" "COMPILER=mb-gcc" "ARCHIVER=mb-ar" "COMPILER_FLAGS= -O2 -c -mcpu=v9.6 -mlittle-endian -mxl-soft-mul" "EXTRA_COMPILER_FLAGS=-g"
"Compiling intc"
"Running Make libs in iop3_mb/libsrc/spi_v4_2/src"
make -C iop3_mb/libsrc/spi_v4_2/src -s libs  "SHELL=CMD" "COMPILER=mb-gcc" "ARCHIVER=mb-ar" "COMPILER_FLAGS= -O2 -c -mcpu=v9.6 -mlittle-endian -mxl-soft-mul" "EXTRA_COMPILER_FLAGS=-g"
"Compiling spi"
"Running Make libs in iop3_mb/libsrc/standalone_v5_4/src"
make -C iop3_mb/libsrc/standalone_v5_4/src -s libs  "SHELL=CMD" "COMPILER=mb-gcc" "ARCHIVER=mb-ar" "COMPILER_FLAGS= -O2 -c -mcpu=v9.6 -mlittle-endian -mxl-soft-mul" "EXTRA_COMPILER_FLAGS=-g"
"Compiling standalone";
"Running Make libs in iop3_mb/libsrc/sysmon_v7_2/src"
make -C iop3_mb/libsrc/sysmon_v7_2/src -s libs  "SHELL=CMD" "COMPILER=mb-gcc" "ARCHIVER=mb-ar" "COMPILER_FLAGS= -O2 -c -mcpu=v9.6 -mlittle-endian -mxl-soft-mul" "EXTRA_COMPILER_FLAGS=-g"
"Compiling sysmon"
"Running Make libs in iop3_mb/libsrc/tmrctr_v4_1/src"
make -C iop3_mb/libsrc/tmrctr_v4_1/src -s libs  "SHELL=CMD" "COMPILER=mb-gcc" "ARCHIVER=mb-ar" "COMPILER_FLAGS= -O2 -c -mcpu=v9.6 -mlittle-endian -mxl-soft-mul" "EXTRA_COMPILER_FLAGS=-g"
"Compiling tmrctr"
"Running Make libs in iop3_mb/libsrc/uartlite_v3_2/src"
make -C iop3_mb/libsrc/uartlite_v3_2/src -s libs  "SHELL=CMD" "COMPILER=mb-gcc" "ARCHIVER=mb-ar" "COMPILER_FLAGS= -O2 -c -mcpu=v9.6 -mlittle-endian -mxl-soft-mul" "EXTRA_COMPILER_FLAGS=-g"
"Compiling uartlite"
'Finished building libraries'

**** Build of configuration Debug for project IKS01A1_test ****

Nothing to build for project IKS01A1_test
09:33:49 **** Auto Build of configuration Debug for project IKS01A1_test ****
make all 
'Building file: ../src/arduino_analog.c'
'Invoking: MicroBlaze gcc compiler'
mb-gcc -Wall -O0 -g3 -c -fmessage-length=0 -MT"src/arduino_analog.o" -I../../IKS01A1_test_bsp/iop3_mb/include -mlittle-endian -mcpu=v9.6 -mxl-soft-mul -Wl,--no-relax -MMD -MP -MF"src/arduino_analog.d" -MT"src/arduino_analog.o" -o "src/arduino_analog.o" "../src/arduino_analog.c"
'Finished building: ../src/arduino_analog.c'
' '
'Building target: IKS01A1_test.elf'
'Invoking: MicroBlaze gcc linker'
mb-gcc -Wl,-T -Wl,../src/lscript.ld -L../../IKS01A1_test_bsp/iop3_mb/lib -mlittle-endian -mcpu=v9.6 -mxl-soft-mul -Wl,--no-relax -o "IKS01A1_test.elf"  ./src/arduino_analog.o   -Wl,--start-group,-lxil,-lgcc,-lc,--end-group
'Finished building target: IKS01A1_test.elf'
' '
'Invoking: MicroBlaze Print Size'
mb-size IKS01A1_test.elf  |tee "IKS01A1_test.elf.size"
   text	   data	    bss	    dec	    hex	filename
  39204	    652	   3352	  43208	   a8c8	IKS01A1_test.elf
'Finished building: IKS01A1_test.elf.size'
' '
14:20:08 **** Auto Build of configuration Debug for project IKS01A1_test ****
make all 
'Building file: ../src/arduino_analog.c'
'Invoking: MicroBlaze gcc compiler'
mb-gcc -Wall -O0 -g3 -c -fmessage-length=0 -MT"src/arduino_analog.o" -I../../IKS01A1_test_bsp/iop3_mb/include -mlittle-endian -mcpu=v9.6 -mxl-soft-mul -Wl,--no-relax -MMD -MP -MF"src/arduino_analog.d" -MT"src/arduino_analog.o" -o "src/arduino_analog.o" "../src/arduino_analog.c"
../src/arduino_analog.c: In function 'main':
../src/arduino_analog.c:127:43: error: 'D_SCL' undeclared (first use in this function)
                           D_GPIO, D_GPIO, D_SCL, D_SDA,
                                           ^
../src/arduino_analog.c:127:43: note: each undeclared identifier is reported only once for each function it appears in
../src/arduino_analog.c:127:50: error: 'D_SDA' undeclared (first use in this function)
                           D_GPIO, D_GPIO, D_SCL, D_SDA,
                                                  ^
make: *** [src/arduino_analog.o] ´íÎó 1
14:20:52 **** Auto Build of configuration Debug for project IKS01A1_test ****
make all 
'Building file: ../src/arduino_analog.c'
'Invoking: MicroBlaze gcc compiler'
mb-gcc -Wall -O0 -g3 -c -fmessage-length=0 -MT"src/arduino_analog.o" -I../../IKS01A1_test_bsp/iop3_mb/include -mlittle-endian -mcpu=v9.6 -mxl-soft-mul -Wl,--no-relax -MMD -MP -MF"src/arduino_analog.d" -MT"src/arduino_analog.o" -o "src/arduino_analog.o" "../src/arduino_analog.c"
../src/arduino_analog.c: In function 'main':
../src/arduino_analog.c:127:43: error: 'D_SCL' undeclared (first use in this function)
                           D_GPIO, D_GPIO, D_SCL, D_SDA,
                                           ^
../src/arduino_analog.c:127:43: note: each undeclared identifier is reported only once for each function it appears in
../src/arduino_analog.c:127:50: error: 'D_SDA' undeclared (first use in this function)
                           D_GPIO, D_GPIO, D_SCL, D_SDA,
                                                  ^
make: *** [src/arduino_analog.o] ´íÎó 1
14:22:02 **** Auto Build of configuration Debug for project IKS01A1_test ****
make all 
'Building file: ../src/arduino_analog.c'
'Invoking: MicroBlaze gcc compiler'
mb-gcc -Wall -O0 -g3 -c -fmessage-length=0 -MT"src/arduino_analog.o" -I../../IKS01A1_test_bsp/iop3_mb/include -mlittle-endian -mcpu=v9.6 -mxl-soft-mul -Wl,--no-relax -MMD -MP -MF"src/arduino_analog.d" -MT"src/arduino_analog.o" -o "src/arduino_analog.o" "../src/arduino_analog.c"
'Finished building: ../src/arduino_analog.c'
' '
'Building target: IKS01A1_test.elf'
'Invoking: MicroBlaze gcc linker'
mb-gcc -Wl,-T -Wl,../src/lscript.ld -L../../IKS01A1_test_bsp/iop3_mb/lib -mlittle-endian -mcpu=v9.6 -mxl-soft-mul -Wl,--no-relax -o "IKS01A1_test.elf"  ./src/arduino_analog.o   -Wl,--start-group,-lxil,-lgcc,-lc,--end-group
'Finished building target: IKS01A1_test.elf'
' '
'Invoking: MicroBlaze Print Size'
mb-size IKS01A1_test.elf  |tee "IKS01A1_test.elf.size"
   text	   data	    bss	    dec	    hex	filename
  39212	    652	   3352	  43216	   a8d0	IKS01A1_test.elf
'Finished building: IKS01A1_test.elf.size'
' '
14:22:36 **** Auto Build of configuration Debug for project IKS01A1_test ****
make all 
'Building file: ../src/arduino_analog.c'
'Invoking: MicroBlaze gcc compiler'
mb-gcc -Wall -O0 -g3 -c -fmessage-length=0 -MT"src/arduino_analog.o" -I../../IKS01A1_test_bsp/iop3_mb/include -mlittle-endian -mcpu=v9.6 -mxl-soft-mul -Wl,--no-relax -MMD -MP -MF"src/arduino_analog.d" -MT"src/arduino_analog.o" -o "src/arduino_analog.o" "../src/arduino_analog.c"
../src/arduino_analog.c: In function 'main':
../src/arduino_analog.c:105:8: warning: unused variable 'iop_pins' [-Wunused-variable]
     u8 iop_pins[19];
        ^
'Finished building: ../src/arduino_analog.c'
' '
'Building target: IKS01A1_test.elf'
'Invoking: MicroBlaze gcc linker'
mb-gcc -Wl,-T -Wl,../src/lscript.ld -L../../IKS01A1_test_bsp/iop3_mb/lib -mlittle-endian -mcpu=v9.6 -mxl-soft-mul -Wl,--no-relax -o "IKS01A1_test.elf"  ./src/arduino_analog.o   -Wl,--start-group,-lxil,-lgcc,-lc,--end-group
'Finished building target: IKS01A1_test.elf'
' '
'Invoking: MicroBlaze Print Size'
mb-size IKS01A1_test.elf  |tee "IKS01A1_test.elf.size"
   text	   data	    bss	    dec	    hex	filename
  38864	    652	   3348	  42864	   a770	IKS01A1_test.elf
'Finished building: IKS01A1_test.elf.size'
' '
14:38:45 **** Auto Build of configuration Debug for project IKS01A1_test ****
make all 
'Building file: ../src/arduino_analog.c'
'Invoking: MicroBlaze gcc compiler'
mb-gcc -Wall -O0 -g3 -c -fmessage-length=0 -MT"src/arduino_analog.o" -I../../IKS01A1_test_bsp/iop3_mb/include -mlittle-endian -mcpu=v9.6 -mxl-soft-mul -Wl,--no-relax -MMD -MP -MF"src/arduino_analog.d" -MT"src/arduino_analog.o" -o "src/arduino_analog.o" "../src/arduino_analog.c"
../src/arduino_analog.c: In function 'main':
../src/arduino_analog.c:108:11: warning: unused variable 'xadc_voltage' [-Wunused-variable]
     float xadc_voltage;
           ^
../src/arduino_analog.c:107:9: warning: unused variable 'xadc_raw_value' [-Wunused-variable]
     u32 xadc_raw_value;
         ^
../src/arduino_analog.c:106:12: warning: unused variable 'log_capacity' [-Wunused-variable]
     int i, log_capacity;
            ^
../src/arduino_analog.c:106:9: warning: unused variable 'i' [-Wunused-variable]
     int i, log_capacity;
         ^
../src/arduino_analog.c:105:8: warning: unused variable 'iop_pins' [-Wunused-variable]
     u8 iop_pins[19];
        ^
../src/arduino_analog.c:103:29: warning: unused variable 'delay' [-Wunused-variable]
     u32 cmd, data_channels, delay;
                             ^
../src/arduino_analog.c:103:14: warning: unused variable 'data_channels' [-Wunused-variable]
     u32 cmd, data_channels, delay;
              ^
'Finished building: ../src/arduino_analog.c'
' '
'Building target: IKS01A1_test.elf'
'Invoking: MicroBlaze gcc linker'
mb-gcc -Wl,-T -Wl,../src/lscript.ld -L../../IKS01A1_test_bsp/iop3_mb/lib -mlittle-endian -mcpu=v9.6 -mxl-soft-mul -Wl,--no-relax -o "IKS01A1_test.elf"  ./src/arduino_analog.o   -Wl,--start-group,-lxil,-lgcc,-lc,--end-group
'Finished building target: IKS01A1_test.elf'
' '
'Invoking: MicroBlaze Print Size'
mb-size IKS01A1_test.elf  |tee "IKS01A1_test.elf.size"
   text	   data	    bss	    dec	    hex	filename
  26660	    652	   3352	  30664	   77c8	IKS01A1_test.elf
'Finished building: IKS01A1_test.elf.size'
' '
14:39:01 **** Clean-only build of configuration Debug for project IKS01A1_test ****
make clean 
rm -rf  ./src/arduino_analog.o  ./src/arduino_analog.d  IKS01A1_test.elf.size  IKS01A1_test.elf
' '
14:39:01 **** Auto Build of configuration Debug for project IKS01A1_test ****
make all 
'Building file: ../src/arduino_grove_adc.c'
'Invoking: MicroBlaze gcc compiler'
mb-gcc -Wall -O0 -g3 -c -fmessage-length=0 -MT"src/arduino_grove_adc.o" -I../../IKS01A1_test_bsp/iop3_mb/include -mlittle-endian -mcpu=v9.6 -mxl-soft-mul -Wl,--no-relax -MMD -MP -MF"src/arduino_grove_adc.d" -MT"src/arduino_grove_adc.o" -o "src/arduino_grove_adc.o" "../src/arduino_grove_adc.c"
../src/arduino_grove_adc.c: In function 'main':
../src/arduino_grove_adc.c:108:11: warning: unused variable 'xadc_voltage' [-Wunused-variable]
     float xadc_voltage;
           ^
../src/arduino_grove_adc.c:107:9: warning: unused variable 'xadc_raw_value' [-Wunused-variable]
     u32 xadc_raw_value;
         ^
../src/arduino_grove_adc.c:106:12: warning: unused variable 'log_capacity' [-Wunused-variable]
     int i, log_capacity;
            ^
../src/arduino_grove_adc.c:106:9: warning: unused variable 'i' [-Wunused-variable]
     int i, log_capacity;
         ^
../src/arduino_grove_adc.c:105:8: warning: unused variable 'iop_pins' [-Wunused-variable]
     u8 iop_pins[19];
        ^
../src/arduino_grove_adc.c:103:29: warning: unused variable 'delay' [-Wunused-variable]
     u32 cmd, data_channels, delay;
                             ^
../src/arduino_grove_adc.c:103:14: warning: unused variable 'data_channels' [-Wunused-variable]
     u32 cmd, data_channels, delay;
              ^
'Finished building: ../src/arduino_grove_adc.c'
' '
'Building target: IKS01A1_test.elf'
'Invoking: MicroBlaze gcc linker'
mb-gcc -Wl,-T -Wl,../src/lscript.ld -L../../IKS01A1_test_bsp/iop3_mb/lib -mlittle-endian -mcpu=v9.6 -mxl-soft-mul -Wl,--no-relax -o "IKS01A1_test.elf"  ./src/arduino_grove_adc.o   -Wl,--start-group,-lxil,-lgcc,-lc,--end-group
'Finished building target: IKS01A1_test.elf'
' '
'Invoking: MicroBlaze Print Size'
mb-size IKS01A1_test.elf  |tee "IKS01A1_test.elf.size"
   text	   data	    bss	    dec	    hex	filename
  26660	    652	   3352	  30664	   77c8	IKS01A1_test.elf
'Finished building: IKS01A1_test.elf.size'
' '
14:39:05 **** Auto Build of configuration Debug for project IKS01A1_test ****
make all 
'Building file: ../src/arduino_grove_adc.c'
'Invoking: MicroBlaze gcc compiler'
mb-gcc -Wall -O0 -g3 -c -fmessage-length=0 -MT"src/arduino_grove_adc.o" -I../../IKS01A1_test_bsp/iop3_mb/include -mlittle-endian -mcpu=v9.6 -mxl-soft-mul -Wl,--no-relax -MMD -MP -MF"src/arduino_grove_adc.d" -MT"src/arduino_grove_adc.o" -o "src/arduino_grove_adc.o" "../src/arduino_grove_adc.c"
'Finished building: ../src/arduino_grove_adc.c'
' '
'Building target: IKS01A1_test.elf'
'Invoking: MicroBlaze gcc linker'
mb-gcc -Wl,-T -Wl,../src/lscript.ld -L../../IKS01A1_test_bsp/iop3_mb/lib -mlittle-endian -mcpu=v9.6 -mxl-soft-mul -Wl,--no-relax -o "IKS01A1_test.elf"  ./src/arduino_grove_adc.o   -Wl,--start-group,-lxil,-lgcc,-lc,--end-group
'Finished building target: IKS01A1_test.elf'
' '
'Invoking: MicroBlaze Print Size'
mb-size IKS01A1_test.elf  |tee "IKS01A1_test.elf.size"
   text	   data	    bss	    dec	    hex	filename
  24864	    628	   3316	  28808	   7088	IKS01A1_test.elf
'Finished building: IKS01A1_test.elf.size'
' '
14:40:18 **** Auto Build of configuration Debug for project IKS01A1_test ****
make all 
'Building file: ../src/arduino_grove_adc.c'
'Invoking: MicroBlaze gcc compiler'
mb-gcc -Wall -O0 -g3 -c -fmessage-length=0 -MT"src/arduino_grove_adc.o" -I../../IKS01A1_test_bsp/iop3_mb/include -mlittle-endian -mcpu=v9.6 -mxl-soft-mul -Wl,--no-relax -MMD -MP -MF"src/arduino_grove_adc.d" -MT"src/arduino_grove_adc.o" -o "src/arduino_grove_adc.o" "../src/arduino_grove_adc.c"
'Finished building: ../src/arduino_grove_adc.c'
' '
'Building target: IKS01A1_test.elf'
'Invoking: MicroBlaze gcc linker'
mb-gcc -Wl,-T -Wl,../src/lscript.ld -L../../IKS01A1_test_bsp/iop3_mb/lib -mlittle-endian -mcpu=v9.6 -mxl-soft-mul -Wl,--no-relax -o "IKS01A1_test.elf"  ./src/arduino_grove_adc.o   -Wl,--start-group,-lxil,-lgcc,-lc,--end-group
'Finished building target: IKS01A1_test.elf'
' '
'Invoking: MicroBlaze Print Size'
mb-size IKS01A1_test.elf  |tee "IKS01A1_test.elf.size"
   text	   data	    bss	    dec	    hex	filename
  24872	    628	   3316	  28816	   7090	IKS01A1_test.elf
'Finished building: IKS01A1_test.elf.size'
' '
16:15:00 **** Auto Build of configuration Debug for project IKS01A1_test ****
make all 
'Building file: ../src/arduino_grove_adc.c'
'Invoking: MicroBlaze gcc compiler'
mb-gcc -Wall -O0 -g3 -c -fmessage-length=0 -MT"src/arduino_grove_adc.o" -I../../IKS01A1_test_bsp/iop3_mb/include -mlittle-endian -mcpu=v9.6 -mxl-soft-mul -Wl,--no-relax -MMD -MP -MF"src/arduino_grove_adc.d" -MT"src/arduino_grove_adc.o" -o "src/arduino_grove_adc.o" "../src/arduino_grove_adc.c"
../src/arduino_grove_adc.c: In function 'main':
../src/arduino_grove_adc.c:137:26: error: 'ARDUINO_SWCFG_SDA' undeclared (first use in this function)
    config_arduino_switch(ARDUINO_SWCFG_SDA , A_GPIO, A_GPIO, A_GPIO, A_GPIO, A_GPIO,
                          ^
../src/arduino_grove_adc.c:137:26: note: each undeclared identifier is reported only once for each function it appears in
make: *** [src/arduino_grove_adc.o] ´íÎó 1
16:15:49 **** Auto Build of configuration Debug for project IKS01A1_test ****
make all 
'Building file: ../src/arduino_grove_adc.c'
'Invoking: MicroBlaze gcc compiler'
mb-gcc -Wall -O0 -g3 -c -fmessage-length=0 -MT"src/arduino_grove_adc.o" -I../../IKS01A1_test_bsp/iop3_mb/include -mlittle-endian -mcpu=v9.6 -mxl-soft-mul -Wl,--no-relax -MMD -MP -MF"src/arduino_grove_adc.d" -MT"src/arduino_grove_adc.o" -o "src/arduino_grove_adc.o" "../src/arduino_grove_adc.c"
'Finished building: ../src/arduino_grove_adc.c'
' '
'Building target: IKS01A1_test.elf'
'Invoking: MicroBlaze gcc linker'
mb-gcc -Wl,-T -Wl,../src/lscript.ld -L../../IKS01A1_test_bsp/iop3_mb/lib -mlittle-endian -mcpu=v9.6 -mxl-soft-mul -Wl,--no-relax -o "IKS01A1_test.elf"  ./src/arduino_grove_adc.o   -Wl,--start-group,-lxil,-lgcc,-lc,--end-group
'Finished building target: IKS01A1_test.elf'
' '
'Invoking: MicroBlaze Print Size'
mb-size IKS01A1_test.elf  |tee "IKS01A1_test.elf.size"
   text	   data	    bss	    dec	    hex	filename
  24872	    628	   3316	  28816	   7090	IKS01A1_test.elf
'Finished building: IKS01A1_test.elf.size'
' '
18:27:23 **** Clean-only build of configuration Debug for project IKS01A1_test ****
make clean 
rm -rf  ./src/arduino_grove_adc.o  ./src/arduino_grove_adc.d  IKS01A1_test.elf.size  IKS01A1_test.elf
' '
18:27:23 **** Auto Build of configuration Debug for project IKS01A1_test ****
make all 
'Building file: ../src/arduino_grove_adc.c'
'Invoking: MicroBlaze gcc compiler'
mb-gcc -Wall -O0 -g3 -c -fmessage-length=0 -MT"src/arduino_grove_adc.o" -I../../IKS01A1_test_bsp/iop3_mb/include -mlittle-endian -mcpu=v9.6 -mxl-soft-mul -Wl,--no-relax -MMD -MP -MF"src/arduino_grove_adc.d" -MT"src/arduino_grove_adc.o" -o "src/arduino_grove_adc.o" "../src/arduino_grove_adc.c"
'Finished building: ../src/arduino_grove_adc.c'
' '
'Building target: IKS01A1_test.elf'
'Invoking: MicroBlaze gcc linker'
mb-gcc -Wl,-T -Wl,../src/lscript.ld -L../../IKS01A1_test_bsp/iop3_mb/lib -mlittle-endian -mcpu=v9.6 -mxl-soft-mul -Wl,--no-relax -o "IKS01A1_test.elf"  ./src/arduino_grove_adc.o   -Wl,--start-group,-lxil,-lgcc,-lc,--end-group
'Finished building target: IKS01A1_test.elf'
' '
'Invoking: MicroBlaze Print Size'
mb-size IKS01A1_test.elf  |tee "IKS01A1_test.elf.size"
   text	   data	    bss	    dec	    hex	filename
  24872	    628	   3316	  28816	   7090	IKS01A1_test.elf
'Finished building: IKS01A1_test.elf.size'
' '
19:10:43 **** Auto Build of configuration Debug for project IKS01A1_test ****
make all 
'Building file: ../src/arduino_grove_adc.c'
'Invoking: MicroBlaze gcc compiler'
mb-gcc -Wall -O0 -g3 -c -fmessage-length=0 -MT"src/arduino_grove_adc.o" -I../../IKS01A1_test_bsp/iop3_mb/include -mlittle-endian -mcpu=v9.6 -mxl-soft-mul -Wl,--no-relax -MMD -MP -MF"src/arduino_grove_adc.d" -MT"src/arduino_grove_adc.o" -o "src/arduino_grove_adc.o" "../src/arduino_grove_adc.c"
'Finished building: ../src/arduino_grove_adc.c'
' '
'Building target: IKS01A1_test.elf'
'Invoking: MicroBlaze gcc linker'
mb-gcc -Wl,-T -Wl,../src/lscript.ld -L../../IKS01A1_test_bsp/iop3_mb/lib -mlittle-endian -mcpu=v9.6 -mxl-soft-mul -Wl,--no-relax -o "IKS01A1_test.elf"  ./src/arduino_grove_adc.o   -Wl,--start-group,-lxil,-lgcc,-lc,--end-group
'Finished building target: IKS01A1_test.elf'
' '
'Invoking: MicroBlaze Print Size'
mb-size IKS01A1_test.elf  |tee "IKS01A1_test.elf.size"
   text	   data	    bss	    dec	    hex	filename
  24880	    628	   3316	  28824	   7098	IKS01A1_test.elf
'Finished building: IKS01A1_test.elf.size'
' '
19:16:05 **** Auto Build of configuration Debug for project IKS01A1_test ****
make all 
'Building file: ../src/arduino_grove_adc.c'
'Invoking: MicroBlaze gcc compiler'
mb-gcc -Wall -O0 -g3 -c -fmessage-length=0 -MT"src/arduino_grove_adc.o" -I../../IKS01A1_test_bsp/iop3_mb/include -mlittle-endian -mcpu=v9.6 -mxl-soft-mul -Wl,--no-relax -MMD -MP -MF"src/arduino_grove_adc.d" -MT"src/arduino_grove_adc.o" -o "src/arduino_grove_adc.o" "../src/arduino_grove_adc.c"
'Finished building: ../src/arduino_grove_adc.c'
' '
'Building target: IKS01A1_test.elf'
'Invoking: MicroBlaze gcc linker'
mb-gcc -Wl,-T -Wl,../src/lscript.ld -L../../IKS01A1_test_bsp/iop3_mb/lib -mlittle-endian -mcpu=v9.6 -mxl-soft-mul -Wl,--no-relax -o "IKS01A1_test.elf"  ./src/arduino_grove_adc.o   -Wl,--start-group,-lxil,-lgcc,-lc,--end-group
'Finished building target: IKS01A1_test.elf'
' '
'Invoking: MicroBlaze Print Size'
mb-size IKS01A1_test.elf  |tee "IKS01A1_test.elf.size"
   text	   data	    bss	    dec	    hex	filename
  24880	    628	   3316	  28824	   7098	IKS01A1_test.elf
'Finished building: IKS01A1_test.elf.size'
' '
19:16:27 **** Auto Build of configuration Debug for project IKS01A1_test ****
make all 
'Building file: ../src/arduino_grove_adc.c'
'Invoking: MicroBlaze gcc compiler'
mb-gcc -Wall -O0 -g3 -c -fmessage-length=0 -MT"src/arduino_grove_adc.o" -I../../IKS01A1_test_bsp/iop3_mb/include -mlittle-endian -mcpu=v9.6 -mxl-soft-mul -Wl,--no-relax -MMD -MP -MF"src/arduino_grove_adc.d" -MT"src/arduino_grove_adc.o" -o "src/arduino_grove_adc.o" "../src/arduino_grove_adc.c"
'Finished building: ../src/arduino_grove_adc.c'
' '
'Building target: IKS01A1_test.elf'
'Invoking: MicroBlaze gcc linker'
mb-gcc -Wl,-T -Wl,../src/lscript.ld -L../../IKS01A1_test_bsp/iop3_mb/lib -mlittle-endian -mcpu=v9.6 -mxl-soft-mul -Wl,--no-relax -o "IKS01A1_test.elf"  ./src/arduino_grove_adc.o   -Wl,--start-group,-lxil,-lgcc,-lc,--end-group
'Finished building target: IKS01A1_test.elf'
' '
'Invoking: MicroBlaze Print Size'
mb-size IKS01A1_test.elf  |tee "IKS01A1_test.elf.size"
   text	   data	    bss	    dec	    hex	filename
  24880	    628	   3316	  28824	   7098	IKS01A1_test.elf
'Finished building: IKS01A1_test.elf.size'
' '
19:34:33 **** Auto Build of configuration Debug for project IKS01A1_test ****
make all 
'Building file: ../src/arduino_grove_adc.c'
'Invoking: MicroBlaze gcc compiler'
mb-gcc -Wall -O0 -g3 -c -fmessage-length=0 -MT"src/arduino_grove_adc.o" -I../../IKS01A1_test_bsp/iop3_mb/include -mlittle-endian -mcpu=v9.6 -mxl-soft-mul -Wl,--no-relax -MMD -MP -MF"src/arduino_grove_adc.d" -MT"src/arduino_grove_adc.o" -o "src/arduino_grove_adc.o" "../src/arduino_grove_adc.c"
'Finished building: ../src/arduino_grove_adc.c'
' '
'Building target: IKS01A1_test.elf'
'Invoking: MicroBlaze gcc linker'
mb-gcc -Wl,-T -Wl,../src/lscript.ld -L../../IKS01A1_test_bsp/iop3_mb/lib -mlittle-endian -mcpu=v9.6 -mxl-soft-mul -Wl,--no-relax -o "IKS01A1_test.elf"  ./src/arduino_grove_adc.o   -Wl,--start-group,-lxil,-lgcc,-lc,--end-group
'Finished building target: IKS01A1_test.elf'
' '
'Invoking: MicroBlaze Print Size'
mb-size IKS01A1_test.elf  |tee "IKS01A1_test.elf.size"
   text	   data	    bss	    dec	    hex	filename
  24880	    628	   3316	  28824	   7098	IKS01A1_test.elf
'Finished building: IKS01A1_test.elf.size'
' '
19:38:49 **** Clean-only build of configuration Debug for project IKS01A1_test ****
make clean 
rm -rf  ./src/arduino_grove_adc.o  ./src/arduino_grove_adc.d  IKS01A1_test.elf.size  IKS01A1_test.elf
' '
19:38:49 **** Auto Build of configuration Debug for project IKS01A1_test ****
make all 
'Building file: ../src/arduino_IKS01A1.c'
'Invoking: MicroBlaze gcc compiler'
mb-gcc -Wall -O0 -g3 -c -fmessage-length=0 -MT"src/arduino_IKS01A1.o" -I../../IKS01A1_test_bsp/iop3_mb/include -mlittle-endian -mcpu=v9.6 -mxl-soft-mul -Wl,--no-relax -MMD -MP -MF"src/arduino_IKS01A1.d" -MT"src/arduino_IKS01A1.o" -o "src/arduino_IKS01A1.o" "../src/arduino_IKS01A1.c"
'Finished building: ../src/arduino_IKS01A1.c'
' '
'Building target: IKS01A1_test.elf'
'Invoking: MicroBlaze gcc linker'
mb-gcc -Wl,-T -Wl,../src/lscript.ld -L../../IKS01A1_test_bsp/iop3_mb/lib -mlittle-endian -mcpu=v9.6 -mxl-soft-mul -Wl,--no-relax -o "IKS01A1_test.elf"  ./src/arduino_IKS01A1.o   -Wl,--start-group,-lxil,-lgcc,-lc,--end-group
'Finished building target: IKS01A1_test.elf'
' '
'Invoking: MicroBlaze Print Size'
mb-size IKS01A1_test.elf  |tee "IKS01A1_test.elf.size"
   text	   data	    bss	    dec	    hex	filename
  24880	    628	   3316	  28824	   7098	IKS01A1_test.elf
'Finished building: IKS01A1_test.elf.size'
' '
20:11:49 **** Auto Build of configuration Debug for project IKS01A1_test ****
make all 
'Building file: ../src/arduino_IKS01A1.c'
'Invoking: MicroBlaze gcc compiler'
mb-gcc -Wall -O0 -g3 -c -fmessage-length=0 -MT"src/arduino_IKS01A1.o" -I../../IKS01A1_test_bsp/iop3_mb/include -mlittle-endian -mcpu=v9.6 -mxl-soft-mul -Wl,--no-relax -MMD -MP -MF"src/arduino_IKS01A1.d" -MT"src/arduino_IKS01A1.o" -o "src/arduino_IKS01A1.o" "../src/arduino_IKS01A1.c"
../src/arduino_IKS01A1.c:2:18: fatal error: pmod.h: No such file or directory
compilation terminated.
make: *** [src/arduino_IKS01A1.o] ´íÎó 1
20:12:00 **** Auto Build of configuration Debug for project IKS01A1_test ****
make all 
'Building file: ../src/arduino_IKS01A1.c'
'Invoking: MicroBlaze gcc compiler'
mb-gcc -Wall -O0 -g3 -c -fmessage-length=0 -MT"src/arduino_IKS01A1.o" -I../../IKS01A1_test_bsp/iop3_mb/include -mlittle-endian -mcpu=v9.6 -mxl-soft-mul -Wl,--no-relax -MMD -MP -MF"src/arduino_IKS01A1.d" -MT"src/arduino_IKS01A1.o" -o "src/arduino_IKS01A1.o" "../src/arduino_IKS01A1.c"
../src/arduino_IKS01A1.c: In function 'main':
../src/arduino_IKS01A1.c:29:4: warning: implicit declaration of function 'pmod_init' [-Wimplicit-function-declaration]
    pmod_init(0,1);
    ^
../src/arduino_IKS01A1.c:30:4: warning: implicit declaration of function 'config_pmod_switch' [-Wimplicit-function-declaration]
    config_pmod_switch(GPIO_0, GPIO_1, SCL, SDA, GPIO_4, GPIO_5, SCL, SDA);
    ^
../src/arduino_IKS01A1.c:30:23: error: 'GPIO_0' undeclared (first use in this function)
    config_pmod_switch(GPIO_0, GPIO_1, SCL, SDA, GPIO_4, GPIO_5, SCL, SDA);
                       ^
../src/arduino_IKS01A1.c:30:23: note: each undeclared identifier is reported only once for each function it appears in
../src/arduino_IKS01A1.c:30:31: error: 'GPIO_1' undeclared (first use in this function)
    config_pmod_switch(GPIO_0, GPIO_1, SCL, SDA, GPIO_4, GPIO_5, SCL, SDA);
                               ^
../src/arduino_IKS01A1.c:30:39: error: 'SCL' undeclared (first use in this function)
    config_pmod_switch(GPIO_0, GPIO_1, SCL, SDA, GPIO_4, GPIO_5, SCL, SDA);
                                       ^
../src/arduino_IKS01A1.c:30:44: error: 'SDA' undeclared (first use in this function)
    config_pmod_switch(GPIO_0, GPIO_1, SCL, SDA, GPIO_4, GPIO_5, SCL, SDA);
                                            ^
../src/arduino_IKS01A1.c:30:49: error: 'GPIO_4' undeclared (first use in this function)
    config_pmod_switch(GPIO_0, GPIO_1, SCL, SDA, GPIO_4, GPIO_5, SCL, SDA);
                                                 ^
../src/arduino_IKS01A1.c:30:57: error: 'GPIO_5' undeclared (first use in this function)
    config_pmod_switch(GPIO_0, GPIO_1, SCL, SDA, GPIO_4, GPIO_5, SCL, SDA);
                                                         ^
../src/arduino_IKS01A1.c:48:22: error: 'pmod_log' undeclared (first use in this function)
             cb_init(&pmod_log, LOG_BASE_ADDRESS, LOG_CAPACITY, LOG_ITEM_SIZE);
                      ^
make: *** [src/arduino_IKS01A1.o] ´íÎó 1
20:12:13 **** Auto Build of configuration Debug for project IKS01A1_test ****
make all 
'Building file: ../src/arduino_IKS01A1.c'
'Invoking: MicroBlaze gcc compiler'
mb-gcc -Wall -O0 -g3 -c -fmessage-length=0 -MT"src/arduino_IKS01A1.o" -I../../IKS01A1_test_bsp/iop3_mb/include -mlittle-endian -mcpu=v9.6 -mxl-soft-mul -Wl,--no-relax -MMD -MP -MF"src/arduino_IKS01A1.d" -MT"src/arduino_IKS01A1.o" -o "src/arduino_IKS01A1.o" "../src/arduino_IKS01A1.c"
../src/arduino_IKS01A1.c: In function 'main':
../src/arduino_IKS01A1.c:47:22: error: 'pmod_log' undeclared (first use in this function)
             cb_init(&pmod_log, LOG_BASE_ADDRESS, LOG_CAPACITY, LOG_ITEM_SIZE);
                      ^
../src/arduino_IKS01A1.c:47:22: note: each undeclared identifier is reported only once for each function it appears in
make: *** [src/arduino_IKS01A1.o] ´íÎó 1
20:12:37 **** Auto Build of configuration Debug for project IKS01A1_test ****
make all 
'Building file: ../src/arduino_IKS01A1.c'
'Invoking: MicroBlaze gcc compiler'
mb-gcc -Wall -O0 -g3 -c -fmessage-length=0 -MT"src/arduino_IKS01A1.o" -I../../IKS01A1_test_bsp/iop3_mb/include -mlittle-endian -mcpu=v9.6 -mxl-soft-mul -Wl,--no-relax -MMD -MP -MF"src/arduino_IKS01A1.d" -MT"src/arduino_IKS01A1.o" -o "src/arduino_IKS01A1.o" "../src/arduino_IKS01A1.c"
../src/arduino_IKS01A1.c: In function 'main':
../src/arduino_IKS01A1.c:27:10: warning: unused variable 'temperature' [-Wunused-variable]
    float temperature;
          ^
../src/arduino_IKS01A1.c:26:8: warning: unused variable 'delay' [-Wunused-variable]
    u32 delay;
        ^
'Finished building: ../src/arduino_IKS01A1.c'
' '
'Building target: IKS01A1_test.elf'
'Invoking: MicroBlaze gcc linker'
mb-gcc -Wl,-T -Wl,../src/lscript.ld -L../../IKS01A1_test_bsp/iop3_mb/lib -mlittle-endian -mcpu=v9.6 -mxl-soft-mul -Wl,--no-relax -o "IKS01A1_test.elf"  ./src/arduino_IKS01A1.o   -Wl,--start-group,-lxil,-lgcc,-lc,--end-group
'Finished building target: IKS01A1_test.elf'
' '
'Invoking: MicroBlaze Print Size'
mb-size IKS01A1_test.elf  |tee "IKS01A1_test.elf.size"
   text	   data	    bss	    dec	    hex	filename
  22368	    628	   3316	  26312	   66c8	IKS01A1_test.elf
'Finished building: IKS01A1_test.elf.size'
' '
20:12:58 **** Auto Build of configuration Debug for project IKS01A1_test ****
make all 
'Building file: ../src/arduino_IKS01A1.c'
'Invoking: MicroBlaze gcc compiler'
mb-gcc -Wall -O0 -g3 -c -fmessage-length=0 -MT"src/arduino_IKS01A1.o" -I../../IKS01A1_test_bsp/iop3_mb/include -mlittle-endian -mcpu=v9.6 -mxl-soft-mul -Wl,--no-relax -MMD -MP -MF"src/arduino_IKS01A1.d" -MT"src/arduino_IKS01A1.o" -o "src/arduino_IKS01A1.o" "../src/arduino_IKS01A1.c"
'Finished building: ../src/arduino_IKS01A1.c'
' '
'Building target: IKS01A1_test.elf'
'Invoking: MicroBlaze gcc linker'
mb-gcc -Wl,-T -Wl,../src/lscript.ld -L../../IKS01A1_test_bsp/iop3_mb/lib -mlittle-endian -mcpu=v9.6 -mxl-soft-mul -Wl,--no-relax -o "IKS01A1_test.elf"  ./src/arduino_IKS01A1.o   -Wl,--start-group,-lxil,-lgcc,-lc,--end-group
'Finished building target: IKS01A1_test.elf'
' '
'Invoking: MicroBlaze Print Size'
mb-size IKS01A1_test.elf  |tee "IKS01A1_test.elf.size"
   text	   data	    bss	    dec	    hex	filename
  22368	    628	   3316	  26312	   66c8	IKS01A1_test.elf
'Finished building: IKS01A1_test.elf.size'
' '
20:29:40 **** Auto Build of configuration Debug for project IKS01A1_test ****
make all 
'Building file: ../src/arduino_IKS01A1.c'
'Invoking: MicroBlaze gcc compiler'
mb-gcc -Wall -O0 -g3 -c -fmessage-length=0 -MT"src/arduino_IKS01A1.o" -I../../IKS01A1_test_bsp/iop3_mb/include -mlittle-endian -mcpu=v9.6 -mxl-soft-mul -Wl,--no-relax -MMD -MP -MF"src/arduino_IKS01A1.d" -MT"src/arduino_IKS01A1.o" -o "src/arduino_IKS01A1.o" "../src/arduino_IKS01A1.c"
../src/arduino_IKS01A1.c: In function 'main':
../src/arduino_IKS01A1.c:35:37: error: too few arguments to function 'get_sample'
             MAILBOX_DATA_FLOAT(0) = get_sample();
                                     ^
../src/arduino_IKS01A1.c:13:7: note: declared here
 float get_sample(u8 reg){
       ^
make: *** [src/arduino_IKS01A1.o] ´íÎó 1
20:29:47 **** Auto Build of configuration Debug for project IKS01A1_test ****
make all 
'Building file: ../src/arduino_IKS01A1.c'
'Invoking: MicroBlaze gcc compiler'
mb-gcc -Wall -O0 -g3 -c -fmessage-length=0 -MT"src/arduino_IKS01A1.o" -I../../IKS01A1_test_bsp/iop3_mb/include -mlittle-endian -mcpu=v9.6 -mxl-soft-mul -Wl,--no-relax -MMD -MP -MF"src/arduino_IKS01A1.d" -MT"src/arduino_IKS01A1.o" -o "src/arduino_IKS01A1.o" "../src/arduino_IKS01A1.c"
'Finished building: ../src/arduino_IKS01A1.c'
' '
'Building target: IKS01A1_test.elf'
'Invoking: MicroBlaze gcc linker'
mb-gcc -Wl,-T -Wl,../src/lscript.ld -L../../IKS01A1_test_bsp/iop3_mb/lib -mlittle-endian -mcpu=v9.6 -mxl-soft-mul -Wl,--no-relax -o "IKS01A1_test.elf"  ./src/arduino_IKS01A1.o   -Wl,--start-group,-lxil,-lgcc,-lc,--end-group
'Finished building target: IKS01A1_test.elf'
' '
'Invoking: MicroBlaze Print Size'
mb-size IKS01A1_test.elf  |tee "IKS01A1_test.elf.size"
   text	   data	    bss	    dec	    hex	filename
  15400	    628	   3316	  19344	   4b90	IKS01A1_test.elf
'Finished building: IKS01A1_test.elf.size'
' '
20:32:22 **** Auto Build of configuration Debug for project IKS01A1_test ****
make all 
'Building file: ../src/arduino_IKS01A1.c'
'Invoking: MicroBlaze gcc compiler'
mb-gcc -Wall -O0 -g3 -c -fmessage-length=0 -MT"src/arduino_IKS01A1.o" -I../../IKS01A1_test_bsp/iop3_mb/include -mlittle-endian -mcpu=v9.6 -mxl-soft-mul -Wl,--no-relax -MMD -MP -MF"src/arduino_IKS01A1.d" -MT"src/arduino_IKS01A1.o" -o "src/arduino_IKS01A1.o" "../src/arduino_IKS01A1.c"
'Finished building: ../src/arduino_IKS01A1.c'
' '
'Building target: IKS01A1_test.elf'
'Invoking: MicroBlaze gcc linker'
mb-gcc -Wl,-T -Wl,../src/lscript.ld -L../../IKS01A1_test_bsp/iop3_mb/lib -mlittle-endian -mcpu=v9.6 -mxl-soft-mul -Wl,--no-relax -o "IKS01A1_test.elf"  ./src/arduino_IKS01A1.o   -Wl,--start-group,-lxil,-lgcc,-lc,--end-group
'Finished building target: IKS01A1_test.elf'
' '
'Invoking: MicroBlaze Print Size'
mb-size IKS01A1_test.elf  |tee "IKS01A1_test.elf.size"
   text	   data	    bss	    dec	    hex	filename
  15400	    628	   3316	  19344	   4b90	IKS01A1_test.elf
'Finished building: IKS01A1_test.elf.size'
' '
20:32:39 **** Auto Build of configuration Debug for project IKS01A1_test ****
make all 
'Building file: ../src/arduino_IKS01A1.c'
'Invoking: MicroBlaze gcc compiler'
mb-gcc -Wall -O0 -g3 -c -fmessage-length=0 -MT"src/arduino_IKS01A1.o" -I../../IKS01A1_test_bsp/iop3_mb/include -mlittle-endian -mcpu=v9.6 -mxl-soft-mul -Wl,--no-relax -MMD -MP -MF"src/arduino_IKS01A1.d" -MT"src/arduino_IKS01A1.o" -o "src/arduino_IKS01A1.o" "../src/arduino_IKS01A1.c"
'Finished building: ../src/arduino_IKS01A1.c'
' '
'Building target: IKS01A1_test.elf'
'Invoking: MicroBlaze gcc linker'
mb-gcc -Wl,-T -Wl,../src/lscript.ld -L../../IKS01A1_test_bsp/iop3_mb/lib -mlittle-endian -mcpu=v9.6 -mxl-soft-mul -Wl,--no-relax -o "IKS01A1_test.elf"  ./src/arduino_IKS01A1.o   -Wl,--start-group,-lxil,-lgcc,-lc,--end-group
'Finished building target: IKS01A1_test.elf'
' '
'Invoking: MicroBlaze Print Size'
mb-size IKS01A1_test.elf  |tee "IKS01A1_test.elf.size"
   text	   data	    bss	    dec	    hex	filename
  15400	    628	   3316	  19344	   4b90	IKS01A1_test.elf
'Finished building: IKS01A1_test.elf.size'
' '
20:33:49 **** Auto Build of configuration Debug for project IKS01A1_test ****
make all 
'Building file: ../src/arduino_IKS01A1.c'
'Invoking: MicroBlaze gcc compiler'
mb-gcc -Wall -O0 -g3 -c -fmessage-length=0 -MT"src/arduino_IKS01A1.o" -I../../IKS01A1_test_bsp/iop3_mb/include -mlittle-endian -mcpu=v9.6 -mxl-soft-mul -Wl,--no-relax -MMD -MP -MF"src/arduino_IKS01A1.d" -MT"src/arduino_IKS01A1.o" -o "src/arduino_IKS01A1.o" "../src/arduino_IKS01A1.c"
'Finished building: ../src/arduino_IKS01A1.c'
' '
'Building target: IKS01A1_test.elf'
'Invoking: MicroBlaze gcc linker'
mb-gcc -Wl,-T -Wl,../src/lscript.ld -L../../IKS01A1_test_bsp/iop3_mb/lib -mlittle-endian -mcpu=v9.6 -mxl-soft-mul -Wl,--no-relax -o "IKS01A1_test.elf"  ./src/arduino_IKS01A1.o   -Wl,--start-group,-lxil,-lgcc,-lc,--end-group
'Finished building target: IKS01A1_test.elf'
' '
'Invoking: MicroBlaze Print Size'
mb-size IKS01A1_test.elf  |tee "IKS01A1_test.elf.size"
   text	   data	    bss	    dec	    hex	filename
  15388	    628	   3320	  19336	   4b88	IKS01A1_test.elf
'Finished building: IKS01A1_test.elf.size'
' '
21:06:53 **** Auto Build of configuration Debug for project IKS01A1_test ****
make all 
'Building file: ../src/arduino_IKS01A1.c'
'Invoking: MicroBlaze gcc compiler'
mb-gcc -Wall -O0 -g3 -c -fmessage-length=0 -MT"src/arduino_IKS01A1.o" -I../../IKS01A1_test_bsp/iop3_mb/include -mlittle-endian -mcpu=v9.6 -mxl-soft-mul -Wl,--no-relax -MMD -MP -MF"src/arduino_IKS01A1.d" -MT"src/arduino_IKS01A1.o" -o "src/arduino_IKS01A1.o" "../src/arduino_IKS01A1.c"
'Finished building: ../src/arduino_IKS01A1.c'
' '
'Building target: IKS01A1_test.elf'
'Invoking: MicroBlaze gcc linker'
mb-gcc -Wl,-T -Wl,../src/lscript.ld -L../../IKS01A1_test_bsp/iop3_mb/lib -mlittle-endian -mcpu=v9.6 -mxl-soft-mul -Wl,--no-relax -o "IKS01A1_test.elf"  ./src/arduino_IKS01A1.o   -Wl,--start-group,-lxil,-lgcc,-lc,--end-group
'Finished building target: IKS01A1_test.elf'
' '
'Invoking: MicroBlaze Print Size'
mb-size IKS01A1_test.elf  |tee "IKS01A1_test.elf.size"
   text	   data	    bss	    dec	    hex	filename
  15400	    628	   3316	  19344	   4b90	IKS01A1_test.elf
'Finished building: IKS01A1_test.elf.size'
' '
13:29:15 **** Auto Build of configuration Debug for project IKS01A1_test ****
make all 
'Building file: ../src/arduino_IKS01A1.c'
'Invoking: MicroBlaze gcc compiler'
mb-gcc -Wall -O0 -g3 -c -fmessage-length=0 -MT"src/arduino_IKS01A1.o" -I../../IKS01A1_test_bsp/iop3_mb/include -mlittle-endian -mcpu=v9.6 -mxl-soft-mul -Wl,--no-relax -MMD -MP -MF"src/arduino_IKS01A1.d" -MT"src/arduino_IKS01A1.o" -o "src/arduino_IKS01A1.o" "../src/arduino_IKS01A1.c"
'Finished building: ../src/arduino_IKS01A1.c'
' '
'Building target: IKS01A1_test.elf'
'Invoking: MicroBlaze gcc linker'
mb-gcc -Wl,-T -Wl,../src/lscript.ld -L../../IKS01A1_test_bsp/iop3_mb/lib -mlittle-endian -mcpu=v9.6 -mxl-soft-mul -Wl,--no-relax -o "IKS01A1_test.elf"  ./src/arduino_IKS01A1.o   -Wl,--start-group,-lxil,-lgcc,-lc,--end-group
'Finished building target: IKS01A1_test.elf'
' '
'Invoking: MicroBlaze Print Size'
mb-size IKS01A1_test.elf  |tee "IKS01A1_test.elf.size"
   text	   data	    bss	    dec	    hex	filename
  15364	    628	   3320	  19312	   4b70	IKS01A1_test.elf
'Finished building: IKS01A1_test.elf.size'
' '
13:38:13 **** Auto Build of configuration Debug for project IKS01A1_test ****
make all 
'Building file: ../src/arduino_IKS01A1.c'
'Invoking: MicroBlaze gcc compiler'
mb-gcc -Wall -O0 -g3 -c -fmessage-length=0 -MT"src/arduino_IKS01A1.o" -I../../IKS01A1_test_bsp/iop3_mb/include -mlittle-endian -mcpu=v9.6 -mxl-soft-mul -Wl,--no-relax -MMD -MP -MF"src/arduino_IKS01A1.d" -MT"src/arduino_IKS01A1.o" -o "src/arduino_IKS01A1.o" "../src/arduino_IKS01A1.c"
'Finished building: ../src/arduino_IKS01A1.c'
' '
'Building target: IKS01A1_test.elf'
'Invoking: MicroBlaze gcc linker'
mb-gcc -Wl,-T -Wl,../src/lscript.ld -L../../IKS01A1_test_bsp/iop3_mb/lib -mlittle-endian -mcpu=v9.6 -mxl-soft-mul -Wl,--no-relax -o "IKS01A1_test.elf"  ./src/arduino_IKS01A1.o   -Wl,--start-group,-lxil,-lgcc,-lc,--end-group
'Finished building target: IKS01A1_test.elf'
' '
'Invoking: MicroBlaze Print Size'
mb-size IKS01A1_test.elf  |tee "IKS01A1_test.elf.size"
   text	   data	    bss	    dec	    hex	filename
  15364	    628	   3320	  19312	   4b70	IKS01A1_test.elf
'Finished building: IKS01A1_test.elf.size'
' '
13:40:15 **** Auto Build of configuration Debug for project IKS01A1_test ****
make all 
'Building file: ../src/arduino_IKS01A1.c'
'Invoking: MicroBlaze gcc compiler'
mb-gcc -Wall -O0 -g3 -c -fmessage-length=0 -MT"src/arduino_IKS01A1.o" -I../../IKS01A1_test_bsp/iop3_mb/include -mlittle-endian -mcpu=v9.6 -mxl-soft-mul -Wl,--no-relax -MMD -MP -MF"src/arduino_IKS01A1.d" -MT"src/arduino_IKS01A1.o" -o "src/arduino_IKS01A1.o" "../src/arduino_IKS01A1.c"
'Finished building: ../src/arduino_IKS01A1.c'
' '
'Building target: IKS01A1_test.elf'
'Invoking: MicroBlaze gcc linker'
mb-gcc -Wl,-T -Wl,../src/lscript.ld -L../../IKS01A1_test_bsp/iop3_mb/lib -mlittle-endian -mcpu=v9.6 -mxl-soft-mul -Wl,--no-relax -o "IKS01A1_test.elf"  ./src/arduino_IKS01A1.o   -Wl,--start-group,-lxil,-lgcc,-lc,--end-group
'Finished building target: IKS01A1_test.elf'
' '
'Invoking: MicroBlaze Print Size'
mb-size IKS01A1_test.elf  |tee "IKS01A1_test.elf.size"
   text	   data	    bss	    dec	    hex	filename
  15364	    628	   3320	  19312	   4b70	IKS01A1_test.elf
'Finished building: IKS01A1_test.elf.size'
' '
13:42:22 **** Auto Build of configuration Debug for project IKS01A1_test ****
make all 
'Building file: ../src/arduino_IKS01A1.c'
'Invoking: MicroBlaze gcc compiler'
mb-gcc -Wall -O0 -g3 -c -fmessage-length=0 -MT"src/arduino_IKS01A1.o" -I../../IKS01A1_test_bsp/iop3_mb/include -mlittle-endian -mcpu=v9.6 -mxl-soft-mul -Wl,--no-relax -MMD -MP -MF"src/arduino_IKS01A1.d" -MT"src/arduino_IKS01A1.o" -o "src/arduino_IKS01A1.o" "../src/arduino_IKS01A1.c"
'Finished building: ../src/arduino_IKS01A1.c'
' '
'Building target: IKS01A1_test.elf'
'Invoking: MicroBlaze gcc linker'
mb-gcc -Wl,-T -Wl,../src/lscript.ld -L../../IKS01A1_test_bsp/iop3_mb/lib -mlittle-endian -mcpu=v9.6 -mxl-soft-mul -Wl,--no-relax -o "IKS01A1_test.elf"  ./src/arduino_IKS01A1.o   -Wl,--start-group,-lxil,-lgcc,-lc,--end-group
'Finished building target: IKS01A1_test.elf'
' '
'Invoking: MicroBlaze Print Size'
mb-size IKS01A1_test.elf  |tee "IKS01A1_test.elf.size"
   text	   data	    bss	    dec	    hex	filename
  15364	    628	   3320	  19312	   4b70	IKS01A1_test.elf
'Finished building: IKS01A1_test.elf.size'
' '
13:55:07 **** Auto Build of configuration Debug for project IKS01A1_test ****
make all 
'Building file: ../src/arduino_IKS01A1.c'
'Invoking: MicroBlaze gcc compiler'
mb-gcc -Wall -O0 -g3 -c -fmessage-length=0 -MT"src/arduino_IKS01A1.o" -I../../IKS01A1_test_bsp/iop3_mb/include -mlittle-endian -mcpu=v9.6 -mxl-soft-mul -Wl,--no-relax -MMD -MP -MF"src/arduino_IKS01A1.d" -MT"src/arduino_IKS01A1.o" -o "src/arduino_IKS01A1.o" "../src/arduino_IKS01A1.c"
../src/arduino_IKS01A1.c: In function 'main':
../src/arduino_IKS01A1.c:34:37: error: too few arguments to function 'get_sample'
             MAILBOX_DATA_FLOAT(0) = get_sample(0x20);
                                     ^
../src/arduino_IKS01A1.c:13:7: note: declared here
 float get_sample(u8 dev7bitAddr, u8 reg){
       ^
make: *** [src/arduino_IKS01A1.o] ´íÎó 1
13:55:37 **** Auto Build of configuration Debug for project IKS01A1_test ****
make all 
'Building file: ../src/arduino_IKS01A1.c'
'Invoking: MicroBlaze gcc compiler'
mb-gcc -Wall -O0 -g3 -c -fmessage-length=0 -MT"src/arduino_IKS01A1.o" -I../../IKS01A1_test_bsp/iop3_mb/include -mlittle-endian -mcpu=v9.6 -mxl-soft-mul -Wl,--no-relax -MMD -MP -MF"src/arduino_IKS01A1.d" -MT"src/arduino_IKS01A1.o" -o "src/arduino_IKS01A1.o" "../src/arduino_IKS01A1.c"
'Finished building: ../src/arduino_IKS01A1.c'
' '
'Building target: IKS01A1_test.elf'
'Invoking: MicroBlaze gcc linker'
mb-gcc -Wl,-T -Wl,../src/lscript.ld -L../../IKS01A1_test_bsp/iop3_mb/lib -mlittle-endian -mcpu=v9.6 -mxl-soft-mul -Wl,--no-relax -o "IKS01A1_test.elf"  ./src/arduino_IKS01A1.o   -Wl,--start-group,-lxil,-lgcc,-lc,--end-group
'Finished building target: IKS01A1_test.elf'
' '
'Invoking: MicroBlaze Print Size'
mb-size IKS01A1_test.elf  |tee "IKS01A1_test.elf.size"
   text	   data	    bss	    dec	    hex	filename
  15384	    628	   3316	  19328	   4b80	IKS01A1_test.elf
'Finished building: IKS01A1_test.elf.size'
' '
13:56:03 **** Auto Build of configuration Debug for project IKS01A1_test ****
make all 
'Building file: ../src/arduino_IKS01A1.c'
'Invoking: MicroBlaze gcc compiler'
mb-gcc -Wall -O0 -g3 -c -fmessage-length=0 -MT"src/arduino_IKS01A1.o" -I../../IKS01A1_test_bsp/iop3_mb/include -mlittle-endian -mcpu=v9.6 -mxl-soft-mul -Wl,--no-relax -MMD -MP -MF"src/arduino_IKS01A1.d" -MT"src/arduino_IKS01A1.o" -o "src/arduino_IKS01A1.o" "../src/arduino_IKS01A1.c"
'Finished building: ../src/arduino_IKS01A1.c'
' '
'Building target: IKS01A1_test.elf'
'Invoking: MicroBlaze gcc linker'
mb-gcc -Wl,-T -Wl,../src/lscript.ld -L../../IKS01A1_test_bsp/iop3_mb/lib -mlittle-endian -mcpu=v9.6 -mxl-soft-mul -Wl,--no-relax -o "IKS01A1_test.elf"  ./src/arduino_IKS01A1.o   -Wl,--start-group,-lxil,-lgcc,-lc,--end-group
'Finished building target: IKS01A1_test.elf'
' '
'Invoking: MicroBlaze Print Size'
mb-size IKS01A1_test.elf  |tee "IKS01A1_test.elf.size"
   text	   data	    bss	    dec	    hex	filename
  15384	    628	   3316	  19328	   4b80	IKS01A1_test.elf
'Finished building: IKS01A1_test.elf.size'
' '
13:57:17 **** Auto Build of configuration Debug for project IKS01A1_test ****
make all 
'Building file: ../src/arduino_IKS01A1.c'
'Invoking: MicroBlaze gcc compiler'
mb-gcc -Wall -O0 -g3 -c -fmessage-length=0 -MT"src/arduino_IKS01A1.o" -I../../IKS01A1_test_bsp/iop3_mb/include -mlittle-endian -mcpu=v9.6 -mxl-soft-mul -Wl,--no-relax -MMD -MP -MF"src/arduino_IKS01A1.d" -MT"src/arduino_IKS01A1.o" -o "src/arduino_IKS01A1.o" "../src/arduino_IKS01A1.c"
'Finished building: ../src/arduino_IKS01A1.c'
' '
'Building target: IKS01A1_test.elf'
'Invoking: MicroBlaze gcc linker'
mb-gcc -Wl,-T -Wl,../src/lscript.ld -L../../IKS01A1_test_bsp/iop3_mb/lib -mlittle-endian -mcpu=v9.6 -mxl-soft-mul -Wl,--no-relax -o "IKS01A1_test.elf"  ./src/arduino_IKS01A1.o   -Wl,--start-group,-lxil,-lgcc,-lc,--end-group
'Finished building target: IKS01A1_test.elf'
' '
'Invoking: MicroBlaze Print Size'
mb-size IKS01A1_test.elf  |tee "IKS01A1_test.elf.size"
   text	   data	    bss	    dec	    hex	filename
  15384	    628	   3316	  19328	   4b80	IKS01A1_test.elf
'Finished building: IKS01A1_test.elf.size'
' '
13:57:59 **** Auto Build of configuration Debug for project IKS01A1_test ****
make all 
'Building file: ../src/arduino_IKS01A1.c'
'Invoking: MicroBlaze gcc compiler'
mb-gcc -Wall -O0 -g3 -c -fmessage-length=0 -MT"src/arduino_IKS01A1.o" -I../../IKS01A1_test_bsp/iop3_mb/include -mlittle-endian -mcpu=v9.6 -mxl-soft-mul -Wl,--no-relax -MMD -MP -MF"src/arduino_IKS01A1.d" -MT"src/arduino_IKS01A1.o" -o "src/arduino_IKS01A1.o" "../src/arduino_IKS01A1.c"
'Finished building: ../src/arduino_IKS01A1.c'
' '
'Building target: IKS01A1_test.elf'
'Invoking: MicroBlaze gcc linker'
mb-gcc -Wl,-T -Wl,../src/lscript.ld -L../../IKS01A1_test_bsp/iop3_mb/lib -mlittle-endian -mcpu=v9.6 -mxl-soft-mul -Wl,--no-relax -o "IKS01A1_test.elf"  ./src/arduino_IKS01A1.o   -Wl,--start-group,-lxil,-lgcc,-lc,--end-group
'Finished building target: IKS01A1_test.elf'
' '
'Invoking: MicroBlaze Print Size'
mb-size IKS01A1_test.elf  |tee "IKS01A1_test.elf.size"
   text	   data	    bss	    dec	    hex	filename
  15384	    628	   3316	  19328	   4b80	IKS01A1_test.elf
'Finished building: IKS01A1_test.elf.size'
' '
14:00:02 **** Auto Build of configuration Debug for project IKS01A1_test ****
make all 
'Building file: ../src/arduino_IKS01A1.c'
'Invoking: MicroBlaze gcc compiler'
mb-gcc -Wall -O0 -g3 -c -fmessage-length=0 -MT"src/arduino_IKS01A1.o" -I../../IKS01A1_test_bsp/iop3_mb/include -mlittle-endian -mcpu=v9.6 -mxl-soft-mul -Wl,--no-relax -MMD -MP -MF"src/arduino_IKS01A1.d" -MT"src/arduino_IKS01A1.o" -o "src/arduino_IKS01A1.o" "../src/arduino_IKS01A1.c"
../src/arduino_IKS01A1.c: In function 'get_sample':
../src/arduino_IKS01A1.c:15:7: warning: unused variable 'sample' [-Wunused-variable]
   u32 sample;
       ^
'Finished building: ../src/arduino_IKS01A1.c'
' '
'Building target: IKS01A1_test.elf'
'Invoking: MicroBlaze gcc linker'
mb-gcc -Wl,-T -Wl,../src/lscript.ld -L../../IKS01A1_test_bsp/iop3_mb/lib -mlittle-endian -mcpu=v9.6 -mxl-soft-mul -Wl,--no-relax -o "IKS01A1_test.elf"  ./src/arduino_IKS01A1.o   -Wl,--start-group,-lxil,-lgcc,-lc,--end-group
'Finished building target: IKS01A1_test.elf'
' '
'Invoking: MicroBlaze Print Size'
mb-size IKS01A1_test.elf  |tee "IKS01A1_test.elf.size"
   text	   data	    bss	    dec	    hex	filename
  15336	    628	   3316	  19280	   4b50	IKS01A1_test.elf
'Finished building: IKS01A1_test.elf.size'
' '
14:01:22 **** Auto Build of configuration Debug for project IKS01A1_test ****
make all 
'Building file: ../src/arduino_IKS01A1.c'
'Invoking: MicroBlaze gcc compiler'
mb-gcc -Wall -O0 -g3 -c -fmessage-length=0 -MT"src/arduino_IKS01A1.o" -I../../IKS01A1_test_bsp/iop3_mb/include -mlittle-endian -mcpu=v9.6 -mxl-soft-mul -Wl,--no-relax -MMD -MP -MF"src/arduino_IKS01A1.d" -MT"src/arduino_IKS01A1.o" -o "src/arduino_IKS01A1.o" "../src/arduino_IKS01A1.c"
../src/arduino_IKS01A1.c: In function 'get_sample':
../src/arduino_IKS01A1.c:15:7: warning: unused variable 'sample' [-Wunused-variable]
   u16 sample;
       ^
'Finished building: ../src/arduino_IKS01A1.c'
' '
'Building target: IKS01A1_test.elf'
'Invoking: MicroBlaze gcc linker'
mb-gcc -Wl,-T -Wl,../src/lscript.ld -L../../IKS01A1_test_bsp/iop3_mb/lib -mlittle-endian -mcpu=v9.6 -mxl-soft-mul -Wl,--no-relax -o "IKS01A1_test.elf"  ./src/arduino_IKS01A1.o   -Wl,--start-group,-lxil,-lgcc,-lc,--end-group
'Finished building target: IKS01A1_test.elf'
' '
'Invoking: MicroBlaze Print Size'
mb-size IKS01A1_test.elf  |tee "IKS01A1_test.elf.size"
   text	   data	    bss	    dec	    hex	filename
  15332	    628	   3320	  19280	   4b50	IKS01A1_test.elf
'Finished building: IKS01A1_test.elf.size'
' '
14:03:09 **** Auto Build of configuration Debug for project IKS01A1_test ****
make all 
'Building file: ../src/arduino_IKS01A1.c'
'Invoking: MicroBlaze gcc compiler'
mb-gcc -Wall -O0 -g3 -c -fmessage-length=0 -MT"src/arduino_IKS01A1.o" -I../../IKS01A1_test_bsp/iop3_mb/include -mlittle-endian -mcpu=v9.6 -mxl-soft-mul -Wl,--no-relax -MMD -MP -MF"src/arduino_IKS01A1.d" -MT"src/arduino_IKS01A1.o" -o "src/arduino_IKS01A1.o" "../src/arduino_IKS01A1.c"
../src/arduino_IKS01A1.c: In function 'get_sample':
../src/arduino_IKS01A1.c:15:7: warning: unused variable 'sample' [-Wunused-variable]
   u16 sample;
       ^
'Finished building: ../src/arduino_IKS01A1.c'
' '
'Building target: IKS01A1_test.elf'
'Invoking: MicroBlaze gcc linker'
mb-gcc -Wl,-T -Wl,../src/lscript.ld -L../../IKS01A1_test_bsp/iop3_mb/lib -mlittle-endian -mcpu=v9.6 -mxl-soft-mul -Wl,--no-relax -o "IKS01A1_test.elf"  ./src/arduino_IKS01A1.o   -Wl,--start-group,-lxil,-lgcc,-lc,--end-group
'Finished building target: IKS01A1_test.elf'
' '
'Invoking: MicroBlaze Print Size'
mb-size IKS01A1_test.elf  |tee "IKS01A1_test.elf.size"
   text	   data	    bss	    dec	    hex	filename
  15332	    628	   3320	  19280	   4b50	IKS01A1_test.elf
'Finished building: IKS01A1_test.elf.size'
' '
14:05:29 **** Auto Build of configuration Debug for project IKS01A1_test ****
make all 
'Building file: ../src/arduino_IKS01A1.c'
'Invoking: MicroBlaze gcc compiler'
mb-gcc -Wall -O0 -g3 -c -fmessage-length=0 -MT"src/arduino_IKS01A1.o" -I../../IKS01A1_test_bsp/iop3_mb/include -mlittle-endian -mcpu=v9.6 -mxl-soft-mul -Wl,--no-relax -MMD -MP -MF"src/arduino_IKS01A1.d" -MT"src/arduino_IKS01A1.o" -o "src/arduino_IKS01A1.o" "../src/arduino_IKS01A1.c"
../src/arduino_IKS01A1.c: In function 'get_sample':
../src/arduino_IKS01A1.c:15:7: warning: unused variable 'sample' [-Wunused-variable]
   u16 sample;
       ^
'Finished building: ../src/arduino_IKS01A1.c'
' '
'Building target: IKS01A1_test.elf'
'Invoking: MicroBlaze gcc linker'
mb-gcc -Wl,-T -Wl,../src/lscript.ld -L../../IKS01A1_test_bsp/iop3_mb/lib -mlittle-endian -mcpu=v9.6 -mxl-soft-mul -Wl,--no-relax -o "IKS01A1_test.elf"  ./src/arduino_IKS01A1.o   -Wl,--start-group,-lxil,-lgcc,-lc,--end-group
'Finished building target: IKS01A1_test.elf'
' '
'Invoking: MicroBlaze Print Size'
mb-size IKS01A1_test.elf  |tee "IKS01A1_test.elf.size"
   text	   data	    bss	    dec	    hex	filename
  15332	    628	   3320	  19280	   4b50	IKS01A1_test.elf
'Finished building: IKS01A1_test.elf.size'
' '
14:08:13 **** Auto Build of configuration Debug for project IKS01A1_test ****
make all 
'Building file: ../src/arduino_IKS01A1.c'
'Invoking: MicroBlaze gcc compiler'
mb-gcc -Wall -O0 -g3 -c -fmessage-length=0 -MT"src/arduino_IKS01A1.o" -I../../IKS01A1_test_bsp/iop3_mb/include -mlittle-endian -mcpu=v9.6 -mxl-soft-mul -Wl,--no-relax -MMD -MP -MF"src/arduino_IKS01A1.d" -MT"src/arduino_IKS01A1.o" -o "src/arduino_IKS01A1.o" "../src/arduino_IKS01A1.c"
'Finished building: ../src/arduino_IKS01A1.c'
' '
'Building target: IKS01A1_test.elf'
'Invoking: MicroBlaze gcc linker'
mb-gcc -Wl,-T -Wl,../src/lscript.ld -L../../IKS01A1_test_bsp/iop3_mb/lib -mlittle-endian -mcpu=v9.6 -mxl-soft-mul -Wl,--no-relax -o "IKS01A1_test.elf"  ./src/arduino_IKS01A1.o   -Wl,--start-group,-lxil,-lgcc,-lc,--end-group
'Finished building target: IKS01A1_test.elf'
' '
'Invoking: MicroBlaze Print Size'
mb-size IKS01A1_test.elf  |tee "IKS01A1_test.elf.size"
   text	   data	    bss	    dec	    hex	filename
  15340	    628	   3320	  19288	   4b58	IKS01A1_test.elf
'Finished building: IKS01A1_test.elf.size'
' '
14:08:52 **** Auto Build of configuration Debug for project IKS01A1_test ****
make all 
'Building file: ../src/arduino_IKS01A1.c'
'Invoking: MicroBlaze gcc compiler'
mb-gcc -Wall -O0 -g3 -c -fmessage-length=0 -MT"src/arduino_IKS01A1.o" -I../../IKS01A1_test_bsp/iop3_mb/include -mlittle-endian -mcpu=v9.6 -mxl-soft-mul -Wl,--no-relax -MMD -MP -MF"src/arduino_IKS01A1.d" -MT"src/arduino_IKS01A1.o" -o "src/arduino_IKS01A1.o" "../src/arduino_IKS01A1.c"
'Finished building: ../src/arduino_IKS01A1.c'
' '
'Building target: IKS01A1_test.elf'
'Invoking: MicroBlaze gcc linker'
mb-gcc -Wl,-T -Wl,../src/lscript.ld -L../../IKS01A1_test_bsp/iop3_mb/lib -mlittle-endian -mcpu=v9.6 -mxl-soft-mul -Wl,--no-relax -o "IKS01A1_test.elf"  ./src/arduino_IKS01A1.o   -Wl,--start-group,-lxil,-lgcc,-lc,--end-group
'Finished building target: IKS01A1_test.elf'
' '
'Invoking: MicroBlaze Print Size'
mb-size IKS01A1_test.elf  |tee "IKS01A1_test.elf.size"
   text	   data	    bss	    dec	    hex	filename
  15340	    628	   3320	  19288	   4b58	IKS01A1_test.elf
'Finished building: IKS01A1_test.elf.size'
' '
14:17:51 **** Auto Build of configuration Debug for project IKS01A1_test ****
make all 
'Building file: ../src/arduino_IKS01A1.c'
'Invoking: MicroBlaze gcc compiler'
mb-gcc -Wall -O0 -g3 -c -fmessage-length=0 -MT"src/arduino_IKS01A1.o" -I../../IKS01A1_test_bsp/iop3_mb/include -mlittle-endian -mcpu=v9.6 -mxl-soft-mul -Wl,--no-relax -MMD -MP -MF"src/arduino_IKS01A1.d" -MT"src/arduino_IKS01A1.o" -o "src/arduino_IKS01A1.o" "../src/arduino_IKS01A1.c"
'Finished building: ../src/arduino_IKS01A1.c'
' '
'Building target: IKS01A1_test.elf'
'Invoking: MicroBlaze gcc linker'
mb-gcc -Wl,-T -Wl,../src/lscript.ld -L../../IKS01A1_test_bsp/iop3_mb/lib -mlittle-endian -mcpu=v9.6 -mxl-soft-mul -Wl,--no-relax -o "IKS01A1_test.elf"  ./src/arduino_IKS01A1.o   -Wl,--start-group,-lxil,-lgcc,-lc,--end-group
'Finished building target: IKS01A1_test.elf'
' '
'Invoking: MicroBlaze Print Size'
mb-size IKS01A1_test.elf  |tee "IKS01A1_test.elf.size"
   text	   data	    bss	    dec	    hex	filename
  15348	    628	   3320	  19296	   4b60	IKS01A1_test.elf
'Finished building: IKS01A1_test.elf.size'
' '
14:18:50 **** Auto Build of configuration Debug for project IKS01A1_test ****
make all 
'Building file: ../src/arduino_IKS01A1.c'
'Invoking: MicroBlaze gcc compiler'
mb-gcc -Wall -O0 -g3 -c -fmessage-length=0 -MT"src/arduino_IKS01A1.o" -I../../IKS01A1_test_bsp/iop3_mb/include -mlittle-endian -mcpu=v9.6 -mxl-soft-mul -Wl,--no-relax -MMD -MP -MF"src/arduino_IKS01A1.d" -MT"src/arduino_IKS01A1.o" -o "src/arduino_IKS01A1.o" "../src/arduino_IKS01A1.c"
'Finished building: ../src/arduino_IKS01A1.c'
' '
'Building target: IKS01A1_test.elf'
'Invoking: MicroBlaze gcc linker'
mb-gcc -Wl,-T -Wl,../src/lscript.ld -L../../IKS01A1_test_bsp/iop3_mb/lib -mlittle-endian -mcpu=v9.6 -mxl-soft-mul -Wl,--no-relax -o "IKS01A1_test.elf"  ./src/arduino_IKS01A1.o   -Wl,--start-group,-lxil,-lgcc,-lc,--end-group
'Finished building target: IKS01A1_test.elf'
' '
'Invoking: MicroBlaze Print Size'
mb-size IKS01A1_test.elf  |tee "IKS01A1_test.elf.size"
   text	   data	    bss	    dec	    hex	filename
  15348	    628	   3320	  19296	   4b60	IKS01A1_test.elf
'Finished building: IKS01A1_test.elf.size'
' '
14:20:40 **** Auto Build of configuration Debug for project IKS01A1_test ****
make all 
'Building file: ../src/arduino_IKS01A1.c'
'Invoking: MicroBlaze gcc compiler'
mb-gcc -Wall -O0 -g3 -c -fmessage-length=0 -MT"src/arduino_IKS01A1.o" -I../../IKS01A1_test_bsp/iop3_mb/include -mlittle-endian -mcpu=v9.6 -mxl-soft-mul -Wl,--no-relax -MMD -MP -MF"src/arduino_IKS01A1.d" -MT"src/arduino_IKS01A1.o" -o "src/arduino_IKS01A1.o" "../src/arduino_IKS01A1.c"
'Finished building: ../src/arduino_IKS01A1.c'
' '
'Building target: IKS01A1_test.elf'
'Invoking: MicroBlaze gcc linker'
mb-gcc -Wl,-T -Wl,../src/lscript.ld -L../../IKS01A1_test_bsp/iop3_mb/lib -mlittle-endian -mcpu=v9.6 -mxl-soft-mul -Wl,--no-relax -o "IKS01A1_test.elf"  ./src/arduino_IKS01A1.o   -Wl,--start-group,-lxil,-lgcc,-lc,--end-group
'Finished building target: IKS01A1_test.elf'
' '
'Invoking: MicroBlaze Print Size'
mb-size IKS01A1_test.elf  |tee "IKS01A1_test.elf.size"
   text	   data	    bss	    dec	    hex	filename
  15348	    628	   3320	  19296	   4b60	IKS01A1_test.elf
'Finished building: IKS01A1_test.elf.size'
' '
14:23:49 **** Auto Build of configuration Debug for project IKS01A1_test ****
make all 
'Building file: ../src/arduino_IKS01A1.c'
'Invoking: MicroBlaze gcc compiler'
mb-gcc -Wall -O0 -g3 -c -fmessage-length=0 -MT"src/arduino_IKS01A1.o" -I../../IKS01A1_test_bsp/iop3_mb/include -mlittle-endian -mcpu=v9.6 -mxl-soft-mul -Wl,--no-relax -MMD -MP -MF"src/arduino_IKS01A1.d" -MT"src/arduino_IKS01A1.o" -o "src/arduino_IKS01A1.o" "../src/arduino_IKS01A1.c"
'Finished building: ../src/arduino_IKS01A1.c'
' '
'Building target: IKS01A1_test.elf'
'Invoking: MicroBlaze gcc linker'
mb-gcc -Wl,-T -Wl,../src/lscript.ld -L../../IKS01A1_test_bsp/iop3_mb/lib -mlittle-endian -mcpu=v9.6 -mxl-soft-mul -Wl,--no-relax -o "IKS01A1_test.elf"  ./src/arduino_IKS01A1.o   -Wl,--start-group,-lxil,-lgcc,-lc,--end-group
'Finished building target: IKS01A1_test.elf'
' '
'Invoking: MicroBlaze Print Size'
mb-size IKS01A1_test.elf  |tee "IKS01A1_test.elf.size"
   text	   data	    bss	    dec	    hex	filename
  15348	    628	   3320	  19296	   4b60	IKS01A1_test.elf
'Finished building: IKS01A1_test.elf.size'
' '
14:25:18 **** Auto Build of configuration Debug for project IKS01A1_test ****
make all 
'Building file: ../src/arduino_IKS01A1.c'
'Invoking: MicroBlaze gcc compiler'
mb-gcc -Wall -O0 -g3 -c -fmessage-length=0 -MT"src/arduino_IKS01A1.o" -I../../IKS01A1_test_bsp/iop3_mb/include -mlittle-endian -mcpu=v9.6 -mxl-soft-mul -Wl,--no-relax -MMD -MP -MF"src/arduino_IKS01A1.d" -MT"src/arduino_IKS01A1.o" -o "src/arduino_IKS01A1.o" "../src/arduino_IKS01A1.c"
'Finished building: ../src/arduino_IKS01A1.c'
' '
'Building target: IKS01A1_test.elf'
'Invoking: MicroBlaze gcc linker'
mb-gcc -Wl,-T -Wl,../src/lscript.ld -L../../IKS01A1_test_bsp/iop3_mb/lib -mlittle-endian -mcpu=v9.6 -mxl-soft-mul -Wl,--no-relax -o "IKS01A1_test.elf"  ./src/arduino_IKS01A1.o   -Wl,--start-group,-lxil,-lgcc,-lc,--end-group
'Finished building target: IKS01A1_test.elf'
' '
'Invoking: MicroBlaze Print Size'
mb-size IKS01A1_test.elf  |tee "IKS01A1_test.elf.size"
   text	   data	    bss	    dec	    hex	filename
  15348	    628	   3320	  19296	   4b60	IKS01A1_test.elf
'Finished building: IKS01A1_test.elf.size'
' '
14:35:02 **** Auto Build of configuration Debug for project IKS01A1_test ****
make all 
'Building file: ../src/LSM6DS0.c'
'Invoking: MicroBlaze gcc compiler'
mb-gcc -Wall -O0 -g3 -c -fmessage-length=0 -MT"src/LSM6DS0.o" -I../../IKS01A1_test_bsp/iop3_mb/include -mlittle-endian -mcpu=v9.6 -mxl-soft-mul -Wl,--no-relax -MMD -MP -MF"src/LSM6DS0.d" -MT"src/LSM6DS0.o" -o "src/LSM6DS0.o" "../src/LSM6DS0.c"
'Finished building: ../src/LSM6DS0.c'
' '
'Building target: IKS01A1_test.elf'
'Invoking: MicroBlaze gcc linker'
mb-gcc -Wl,-T -Wl,../src/lscript.ld -L../../IKS01A1_test_bsp/iop3_mb/lib -mlittle-endian -mcpu=v9.6 -mxl-soft-mul -Wl,--no-relax -o "IKS01A1_test.elf"  ./src/LSM6DS0.o ./src/arduino_IKS01A1.o   -Wl,--start-group,-lxil,-lgcc,-lc,--end-group
'Finished building target: IKS01A1_test.elf'
' '
'Invoking: MicroBlaze Print Size'
mb-size IKS01A1_test.elf  |tee "IKS01A1_test.elf.size"
   text	   data	    bss	    dec	    hex	filename
  15348	    628	   3320	  19296	   4b60	IKS01A1_test.elf
'Finished building: IKS01A1_test.elf.size'
' '
14:35:23 **** Auto Build of configuration Debug for project IKS01A1_test ****
make all 
make: Nothing to be done for `all'.
14:35:43 **** Auto Build of configuration Debug for project IKS01A1_test ****
make all 
make: Nothing to be done for `all'.
14:36:29 **** Auto Build of configuration Debug for project IKS01A1_test ****
make all 
'Building file: ../src/LSM6DS0.c'
'Invoking: MicroBlaze gcc compiler'
mb-gcc -Wall -O0 -g3 -c -fmessage-length=0 -MT"src/LSM6DS0.o" -I../../IKS01A1_test_bsp/iop3_mb/include -mlittle-endian -mcpu=v9.6 -mxl-soft-mul -Wl,--no-relax -MMD -MP -MF"src/LSM6DS0.d" -MT"src/LSM6DS0.o" -o "src/LSM6DS0.o" "../src/LSM6DS0.c"
In file included from ../src/LSM6DS0.c:8:0:
../src/LSM6DS0.h:31:19: error: unknown type name 'u32'
 void LSM6DS0_read(u32 *gX, u32 *gY, u32 *gZ);
                   ^
../src/LSM6DS0.h:31:28: error: unknown type name 'u32'
 void LSM6DS0_read(u32 *gX, u32 *gY, u32 *gZ);
                            ^
../src/LSM6DS0.h:31:37: error: unknown type name 'u32'
 void LSM6DS0_read(u32 *gX, u32 *gY, u32 *gZ);
                                     ^
../src/LSM6DS0.h:32:1: error: unknown type name 'u8'
 u8 IS_LSM6DS0(void);
 ^
../src/LSM6DS0.c:10:19: error: unknown type name 'u32'
 void LSM6DS0_read(u32 *gX, u32 *gY, u32 *gZ){
                   ^
../src/LSM6DS0.c:10:28: error: unknown type name 'u32'
 void LSM6DS0_read(u32 *gX, u32 *gY, u32 *gZ){
                            ^
../src/LSM6DS0.c:10:37: error: unknown type name 'u32'
 void LSM6DS0_read(u32 *gX, u32 *gY, u32 *gZ){
                                     ^
../src/LSM6DS0.c:22:1: error: unknown type name 'u8'
 u8 IS_LSM6DS0(void){
 ^
../src/LSM6DS0.c: In function 'IS_LSM6DS0':
../src/LSM6DS0.c:23:7: warning: implicit declaration of function 'iic_read' [-Wimplicit-function-declaration]
   if((iic_read(LSM6DS0_I2C_ADDR_R, LSM6DS0_WHO_AM_I)) != 0x68){
       ^
../src/LSM6DS0.c:23:16: error: 'LSM6DS0_I2C_ADDR_R' undeclared (first use in this function)
   if((iic_read(LSM6DS0_I2C_ADDR_R, LSM6DS0_WHO_AM_I)) != 0x68){
                ^
../src/LSM6DS0.c:23:16: note: each undeclared identifier is reported only once for each function it appears in
../src/LSM6DS0.c:24:11: error: 'XST_FAILURE' undeclared (first use in this function)
    return XST_FAILURE;
           ^
../src/LSM6DS0.c:26:10: error: 'XST_SUCCESS' undeclared (first use in this function)
   return XST_SUCCESS;
          ^
../src/LSM6DS0.c:27:1: warning: control reaches end of non-void function [-Wreturn-type]
 }
 ^
make: *** [src/LSM6DS0.o] ´íÎó 1
14:36:38 **** Auto Build of configuration Debug for project IKS01A1_test ****
make all 
'Building file: ../src/LSM6DS0.c'
'Invoking: MicroBlaze gcc compiler'
mb-gcc -Wall -O0 -g3 -c -fmessage-length=0 -MT"src/LSM6DS0.o" -I../../IKS01A1_test_bsp/iop3_mb/include -mlittle-endian -mcpu=v9.6 -mxl-soft-mul -Wl,--no-relax -MMD -MP -MF"src/LSM6DS0.d" -MT"src/LSM6DS0.o" -o "src/LSM6DS0.o" "../src/LSM6DS0.c"
In file included from ../src/LSM6DS0.c:8:0:
../src/LSM6DS0.h:31:19: error: unknown type name 'u32'
 void LSM6DS0_read(u32 *gX, u32 *gY, u32 *gZ);
                   ^
../src/LSM6DS0.h:31:28: error: unknown type name 'u32'
 void LSM6DS0_read(u32 *gX, u32 *gY, u32 *gZ);
                            ^
../src/LSM6DS0.h:31:37: error: unknown type name 'u32'
 void LSM6DS0_read(u32 *gX, u32 *gY, u32 *gZ);
                                     ^
../src/LSM6DS0.h:32:1: error: unknown type name 'u8'
 u8 IS_LSM6DS0(void);
 ^
../src/LSM6DS0.c:10:19: error: unknown type name 'u32'
 void LSM6DS0_read(u32 *gX, u32 *gY, u32 *gZ){
                   ^
../src/LSM6DS0.c:10:28: error: unknown type name 'u32'
 void LSM6DS0_read(u32 *gX, u32 *gY, u32 *gZ){
                            ^
../src/LSM6DS0.c:10:37: error: unknown type name 'u32'
 void LSM6DS0_read(u32 *gX, u32 *gY, u32 *gZ){
                                     ^
../src/LSM6DS0.c:22:1: error: unknown type name 'u8'
 u8 IS_LSM6DS0(void){
 ^
../src/LSM6DS0.c: In function 'IS_LSM6DS0':
../src/LSM6DS0.c:23:7: warning: implicit declaration of function 'iic_read' [-Wimplicit-function-declaration]
   if((iic_read(LSM6DS0_I2C_ADDR_R, LSM6DS0_WHO_AM_I)) != 0x68){
       ^
../src/LSM6DS0.c:23:16: error: 'LSM6DS0_I2C_ADDR_R' undeclared (first use in this function)
   if((iic_read(LSM6DS0_I2C_ADDR_R, LSM6DS0_WHO_AM_I)) != 0x68){
                ^
../src/LSM6DS0.c:23:16: note: each undeclared identifier is reported only once for each function it appears in
../src/LSM6DS0.c:24:11: error: 'XST_FAILURE' undeclared (first use in this function)
    return XST_FAILURE;
           ^
../src/LSM6DS0.c:26:10: error: 'XST_SUCCESS' undeclared (first use in this function)
   return XST_SUCCESS;
          ^
../src/LSM6DS0.c:27:1: warning: control reaches end of non-void function [-Wreturn-type]
 }
 ^
make: *** [src/LSM6DS0.o] ´íÎó 1
14:37:43 **** Auto Build of configuration Debug for project IKS01A1_test ****
make all 
'Building file: ../src/LSM6DS0.c'
'Invoking: MicroBlaze gcc compiler'
mb-gcc -Wall -O0 -g3 -c -fmessage-length=0 -MT"src/LSM6DS0.o" -I../../IKS01A1_test_bsp/iop3_mb/include -mlittle-endian -mcpu=v9.6 -mxl-soft-mul -Wl,--no-relax -MMD -MP -MF"src/LSM6DS0.d" -MT"src/LSM6DS0.o" -o "src/LSM6DS0.o" "../src/LSM6DS0.c"
../src/LSM6DS0.c: In function 'LSM6DS0_read':
../src/LSM6DS0.c:12:22: error: 'LSM6DS0_I2C_ADDR_R' undeclared (first use in this function)
  rdata[0] = iic_read(LSM6DS0_I2C_ADDR_R, LSM6DS0_OUT_X_G_L);
                      ^
../src/LSM6DS0.c:12:22: note: each undeclared identifier is reported only once for each function it appears in
../src/LSM6DS0.c:12:13: error: too few arguments to function 'iic_read'
  rdata[0] = iic_read(LSM6DS0_I2C_ADDR_R, LSM6DS0_OUT_X_G_L);
             ^
In file included from ../src/LSM6DS0.h:11:0,
                 from ../src/LSM6DS0.c:8:
../../IKS01A1_test_bsp/iop3_mb/include/arduino.h:113:5: note: declared here
 int iic_read(u32 iic_baseaddr, u32 addr, u8* buffer, u8 numbytes);
     ^
../src/LSM6DS0.c:13:13: error: too few arguments to function 'iic_read'
  rdata[1] = iic_read(LSM6DS0_I2C_ADDR_R, LSM6DS0_OUT_X_G_H);
             ^
In file included from ../src/LSM6DS0.h:11:0,
                 from ../src/LSM6DS0.c:8:
../../IKS01A1_test_bsp/iop3_mb/include/arduino.h:113:5: note: declared here
 int iic_read(u32 iic_baseaddr, u32 addr, u8* buffer, u8 numbytes);
     ^
../src/LSM6DS0.c:15:13: error: too few arguments to function 'iic_read'
  rdata[0] = iic_read(LSM6DS0_I2C_ADDR_R, LSM6DS0_OUT_Y_G_L);
             ^
In file included from ../src/LSM6DS0.h:11:0,
                 from ../src/LSM6DS0.c:8:
../../IKS01A1_test_bsp/iop3_mb/include/arduino.h:113:5: note: declared here
 int iic_read(u32 iic_baseaddr, u32 addr, u8* buffer, u8 numbytes);
     ^
../src/LSM6DS0.c:16:13: error: too few arguments to function 'iic_read'
  rdata[1] = iic_read(LSM6DS0_I2C_ADDR_R, LSM6DS0_OUT_Y_G_H);
             ^
In file included from ../src/LSM6DS0.h:11:0,
                 from ../src/LSM6DS0.c:8:
../../IKS01A1_test_bsp/iop3_mb/include/arduino.h:113:5: note: declared here
 int iic_read(u32 iic_baseaddr, u32 addr, u8* buffer, u8 numbytes);
     ^
../src/LSM6DS0.c:18:13: error: too few arguments to function 'iic_read'
  rdata[0] = iic_read(LSM6DS0_I2C_ADDR_R, LSM6DS0_OUT_Z_G_L);
             ^
In file included from ../src/LSM6DS0.h:11:0,
                 from ../src/LSM6DS0.c:8:
../../IKS01A1_test_bsp/iop3_mb/include/arduino.h:113:5: note: declared here
 int iic_read(u32 iic_baseaddr, u32 addr, u8* buffer, u8 numbytes);
     ^
../src/LSM6DS0.c:19:13: error: too few arguments to function 'iic_read'
  rdata[1] = iic_read(LSM6DS0_I2C_ADDR_R, LSM6DS0_OUT_Z_G_H);
             ^
In file included from ../src/LSM6DS0.h:11:0,
                 from ../src/LSM6DS0.c:8:
../../IKS01A1_test_bsp/iop3_mb/include/arduino.h:113:5: note: declared here
 int iic_read(u32 iic_baseaddr, u32 addr, u8* buffer, u8 numbytes);
     ^
../src/LSM6DS0.c: In function 'IS_LSM6DS0':
../src/LSM6DS0.c:23:16: error: 'LSM6DS0_I2C_ADDR_R' undeclared (first use in this function)
   if((iic_read(LSM6DS0_I2C_ADDR_R, LSM6DS0_WHO_AM_I)) != 0x68){
                ^
../src/LSM6DS0.c:23:7: error: too few arguments to function 'iic_read'
   if((iic_read(LSM6DS0_I2C_ADDR_R, LSM6DS0_WHO_AM_I)) != 0x68){
       ^
In file included from ../src/LSM6DS0.h:11:0,
                 from ../src/LSM6DS0.c:8:
../../IKS01A1_test_bsp/iop3_mb/include/arduino.h:113:5: note: declared here
 int iic_read(u32 iic_baseaddr, u32 addr, u8* buffer, u8 numbytes);
     ^
make: *** [src/LSM6DS0.o] ´íÎó 1
14:39:02 **** Auto Build of configuration Debug for project IKS01A1_test ****
make all 
'Building file: ../src/LSM6DS0.c'
'Invoking: MicroBlaze gcc compiler'
mb-gcc -Wall -O0 -g3 -c -fmessage-length=0 -MT"src/LSM6DS0.o" -I../../IKS01A1_test_bsp/iop3_mb/include -mlittle-endian -mcpu=v9.6 -mxl-soft-mul -Wl,--no-relax -MMD -MP -MF"src/LSM6DS0.d" -MT"src/LSM6DS0.o" -o "src/LSM6DS0.o" "../src/LSM6DS0.c"
../src/LSM6DS0.c: In function 'LSM6DS0_read':
../src/LSM6DS0.c:12:22: error: 'LSM6DS0_I2C_ADDR_R' undeclared (first use in this function)
  rdata[0] = iic_read(LSM6DS0_I2C_ADDR_R, LSM6DS0_OUT_X_G_L);
                      ^
../src/LSM6DS0.c:12:22: note: each undeclared identifier is reported only once for each function it appears in
../src/LSM6DS0.c:12:13: error: too few arguments to function 'iic_read'
  rdata[0] = iic_read(LSM6DS0_I2C_ADDR_R, LSM6DS0_OUT_X_G_L);
             ^
In file included from ../src/LSM6DS0.h:11:0,
                 from ../src/LSM6DS0.c:8:
../../IKS01A1_test_bsp/iop3_mb/include/arduino.h:113:5: note: declared here
 int iic_read(u32 iic_baseaddr, u32 addr, u8* buffer, u8 numbytes);
     ^
../src/LSM6DS0.c:13:13: error: too few arguments to function 'iic_read'
  rdata[1] = iic_read(LSM6DS0_I2C_ADDR_R, LSM6DS0_OUT_X_G_H);
             ^
In file included from ../src/LSM6DS0.h:11:0,
                 from ../src/LSM6DS0.c:8:
../../IKS01A1_test_bsp/iop3_mb/include/arduino.h:113:5: note: declared here
 int iic_read(u32 iic_baseaddr, u32 addr, u8* buffer, u8 numbytes);
     ^
../src/LSM6DS0.c:15:13: error: too few arguments to function 'iic_read'
  rdata[0] = iic_read(LSM6DS0_I2C_ADDR_R, LSM6DS0_OUT_Y_G_L);
             ^
In file included from ../src/LSM6DS0.h:11:0,
                 from ../src/LSM6DS0.c:8:
../../IKS01A1_test_bsp/iop3_mb/include/arduino.h:113:5: note: declared here
 int iic_read(u32 iic_baseaddr, u32 addr, u8* buffer, u8 numbytes);
     ^
../src/LSM6DS0.c:16:13: error: too few arguments to function 'iic_read'
  rdata[1] = iic_read(LSM6DS0_I2C_ADDR_R, LSM6DS0_OUT_Y_G_H);
             ^
In file included from ../src/LSM6DS0.h:11:0,
                 from ../src/LSM6DS0.c:8:
../../IKS01A1_test_bsp/iop3_mb/include/arduino.h:113:5: note: declared here
 int iic_read(u32 iic_baseaddr, u32 addr, u8* buffer, u8 numbytes);
     ^
../src/LSM6DS0.c:18:13: error: too few arguments to function 'iic_read'
  rdata[0] = iic_read(LSM6DS0_I2C_ADDR_R, LSM6DS0_OUT_Z_G_L);
             ^
In file included from ../src/LSM6DS0.h:11:0,
                 from ../src/LSM6DS0.c:8:
../../IKS01A1_test_bsp/iop3_mb/include/arduino.h:113:5: note: declared here
 int iic_read(u32 iic_baseaddr, u32 addr, u8* buffer, u8 numbytes);
     ^
../src/LSM6DS0.c:19:13: error: too few arguments to function 'iic_read'
  rdata[1] = iic_read(LSM6DS0_I2C_ADDR_R, LSM6DS0_OUT_Z_G_H);
             ^
In file included from ../src/LSM6DS0.h:11:0,
                 from ../src/LSM6DS0.c:8:
../../IKS01A1_test_bsp/iop3_mb/include/arduino.h:113:5: note: declared here
 int iic_read(u32 iic_baseaddr, u32 addr, u8* buffer, u8 numbytes);
     ^
../src/LSM6DS0.c: In function 'IS_LSM6DS0':
../src/LSM6DS0.c:23:16: error: 'LSM6DS0_I2C_ADDR_R' undeclared (first use in this function)
   if((iic_read(LSM6DS0_I2C_ADDR_R, LSM6DS0_WHO_AM_I)) != 0x68){
                ^
../src/LSM6DS0.c:23:7: error: too few arguments to function 'iic_read'
   if((iic_read(LSM6DS0_I2C_ADDR_R, LSM6DS0_WHO_AM_I)) != 0x68){
       ^
In file included from ../src/LSM6DS0.h:11:0,
                 from ../src/LSM6DS0.c:8:
../../IKS01A1_test_bsp/iop3_mb/include/arduino.h:113:5: note: declared here
 int iic_read(u32 iic_baseaddr, u32 addr, u8* buffer, u8 numbytes);
     ^
make: *** [src/LSM6DS0.o] ´íÎó 1
14:39:24 **** Auto Build of configuration Debug for project IKS01A1_test ****
make all 
'Building file: ../src/LSM6DS0.c'
'Invoking: MicroBlaze gcc compiler'
mb-gcc -Wall -O0 -g3 -c -fmessage-length=0 -MT"src/LSM6DS0.o" -I../../IKS01A1_test_bsp/iop3_mb/include -mlittle-endian -mcpu=v9.6 -mxl-soft-mul -Wl,--no-relax -MMD -MP -MF"src/LSM6DS0.d" -MT"src/LSM6DS0.o" -o "src/LSM6DS0.o" "../src/LSM6DS0.c"
../src/LSM6DS0.c: In function 'LSM6DS0_read':
../src/LSM6DS0.c:12:22: error: 'LSM6DS0_I2C_ADDR_R' undeclared (first use in this function)
  rdata[0] = iic_read(LSM6DS0_I2C_ADDR_R, LSM6DS0_OUT_X_G_L);
                      ^
../src/LSM6DS0.c:12:22: note: each undeclared identifier is reported only once for each function it appears in
../src/LSM6DS0.c:12:13: error: too few arguments to function 'iic_read'
  rdata[0] = iic_read(LSM6DS0_I2C_ADDR_R, LSM6DS0_OUT_X_G_L);
             ^
In file included from ../src/LSM6DS0.h:11:0,
                 from ../src/LSM6DS0.c:8:
../../IKS01A1_test_bsp/iop3_mb/include/arduino.h:113:5: note: declared here
 int iic_read(u32 iic_baseaddr, u32 addr, u8* buffer, u8 numbytes);
     ^
../src/LSM6DS0.c:13:13: error: too few arguments to function 'iic_read'
  rdata[1] = iic_read(LSM6DS0_I2C_ADDR_R, LSM6DS0_OUT_X_G_H);
             ^
In file included from ../src/LSM6DS0.h:11:0,
                 from ../src/LSM6DS0.c:8:
../../IKS01A1_test_bsp/iop3_mb/include/arduino.h:113:5: note: declared here
 int iic_read(u32 iic_baseaddr, u32 addr, u8* buffer, u8 numbytes);
     ^
../src/LSM6DS0.c:15:13: error: too few arguments to function 'iic_read'
  rdata[0] = iic_read(LSM6DS0_I2C_ADDR_R, LSM6DS0_OUT_Y_G_L);
             ^
In file included from ../src/LSM6DS0.h:11:0,
                 from ../src/LSM6DS0.c:8:
../../IKS01A1_test_bsp/iop3_mb/include/arduino.h:113:5: note: declared here
 int iic_read(u32 iic_baseaddr, u32 addr, u8* buffer, u8 numbytes);
     ^
../src/LSM6DS0.c:16:13: error: too few arguments to function 'iic_read'
  rdata[1] = iic_read(LSM6DS0_I2C_ADDR_R, LSM6DS0_OUT_Y_G_H);
             ^
In file included from ../src/LSM6DS0.h:11:0,
                 from ../src/LSM6DS0.c:8:
../../IKS01A1_test_bsp/iop3_mb/include/arduino.h:113:5: note: declared here
 int iic_read(u32 iic_baseaddr, u32 addr, u8* buffer, u8 numbytes);
     ^
../src/LSM6DS0.c:18:13: error: too few arguments to function 'iic_read'
  rdata[0] = iic_read(LSM6DS0_I2C_ADDR_R, LSM6DS0_OUT_Z_G_L);
             ^
In file included from ../src/LSM6DS0.h:11:0,
                 from ../src/LSM6DS0.c:8:
../../IKS01A1_test_bsp/iop3_mb/include/arduino.h:113:5: note: declared here
 int iic_read(u32 iic_baseaddr, u32 addr, u8* buffer, u8 numbytes);
     ^
../src/LSM6DS0.c:19:13: error: too few arguments to function 'iic_read'
  rdata[1] = iic_read(LSM6DS0_I2C_ADDR_R, LSM6DS0_OUT_Z_G_H);
             ^
In file included from ../src/LSM6DS0.h:11:0,
                 from ../src/LSM6DS0.c:8:
../../IKS01A1_test_bsp/iop3_mb/include/arduino.h:113:5: note: declared here
 int iic_read(u32 iic_baseaddr, u32 addr, u8* buffer, u8 numbytes);
     ^
../src/LSM6DS0.c: In function 'IS_LSM6DS0':
../src/LSM6DS0.c:23:16: error: 'LSM6DS0_I2C_ADDR_R' undeclared (first use in this function)
   if((iic_read(LSM6DS0_I2C_ADDR_R, LSM6DS0_WHO_AM_I)) != 0x68){
                ^
../src/LSM6DS0.c:23:7: error: too few arguments to function 'iic_read'
   if((iic_read(LSM6DS0_I2C_ADDR_R, LSM6DS0_WHO_AM_I)) != 0x68){
       ^
In file included from ../src/LSM6DS0.h:11:0,
                 from ../src/LSM6DS0.c:8:
../../IKS01A1_test_bsp/iop3_mb/include/arduino.h:113:5: note: declared here
 int iic_read(u32 iic_baseaddr, u32 addr, u8* buffer, u8 numbytes);
     ^
make: *** [src/LSM6DS0.o] ´íÎó 1
14:45:10 **** Auto Build of configuration Debug for project IKS01A1_test ****
make all 
'Building file: ../src/LSM6DS0.c'
'Invoking: MicroBlaze gcc compiler'
mb-gcc -Wall -O0 -g3 -c -fmessage-length=0 -MT"src/LSM6DS0.o" -I../../IKS01A1_test_bsp/iop3_mb/include -mlittle-endian -mcpu=v9.6 -mxl-soft-mul -Wl,--no-relax -MMD -MP -MF"src/LSM6DS0.d" -MT"src/LSM6DS0.o" -o "src/LSM6DS0.o" "../src/LSM6DS0.c"
../src/LSM6DS0.c: In function 'LSM6DS0_read':
../src/LSM6DS0.c:12:22: error: 'LSM6DS0_I2C_ADDR_R' undeclared (first use in this function)
  rdata[0] = iic_read(LSM6DS0_I2C_ADDR_R, LSM6DS0_OUT_X_G_L);
                      ^
../src/LSM6DS0.c:12:22: note: each undeclared identifier is reported only once for each function it appears in
../src/LSM6DS0.c:12:13: error: too few arguments to function 'iic_read'
  rdata[0] = iic_read(LSM6DS0_I2C_ADDR_R, LSM6DS0_OUT_X_G_L);
             ^
In file included from ../src/LSM6DS0.h:11:0,
                 from ../src/LSM6DS0.c:8:
../../IKS01A1_test_bsp/iop3_mb/include/arduino.h:113:5: note: declared here
 int iic_read(u32 iic_baseaddr, u32 addr, u8* buffer, u8 numbytes);
     ^
../src/LSM6DS0.c:13:13: error: too few arguments to function 'iic_read'
  rdata[1] = iic_read(LSM6DS0_I2C_ADDR_R, LSM6DS0_OUT_X_G_H);
             ^
In file included from ../src/LSM6DS0.h:11:0,
                 from ../src/LSM6DS0.c:8:
../../IKS01A1_test_bsp/iop3_mb/include/arduino.h:113:5: note: declared here
 int iic_read(u32 iic_baseaddr, u32 addr, u8* buffer, u8 numbytes);
     ^
../src/LSM6DS0.c:15:13: error: too few arguments to function 'iic_read'
[...]
'Invoking: MicroBlaze gcc compiler'
mb-gcc -Wall -O0 -g3 -c -fmessage-length=0 -MT"src/LPS25HB.o" -I../../IKS01A1_test_bsp/iop3_mb/include -mlittle-endian -mcpu=v9.6 -mxl-soft-mul -Wl,--no-relax -MMD -MP -MF"src/LPS25HB.d" -MT"src/LPS25HB.o" -o "src/LPS25HB.o" "../src/LPS25HB.c"
'Finished building: ../src/LPS25HB.c'
' '
'Building target: IKS01A1_test.elf'
'Invoking: MicroBlaze gcc linker'
mb-gcc -Wl,-T -Wl,../src/lscript.ld -L../../IKS01A1_test_bsp/iop3_mb/lib -mlittle-endian -mcpu=v9.6 -mxl-soft-mul -Wl,--no-relax -o "IKS01A1_test.elf"  ./src/HTS221.o ./src/LIS3MDL.o ./src/LPS25HB.o ./src/LSM6DS0.o ./src/arduino_IKS01A1.o ./src/myiic.o   -Wl,--start-group,-lxil,-lgcc,-lc,--end-group
'Finished building target: IKS01A1_test.elf'
' '
'Invoking: MicroBlaze Print Size'
mb-size IKS01A1_test.elf  |tee "IKS01A1_test.elf.size"
   text	   data	    bss	    dec	    hex	filename
  17988	    628	   3352	  21968	   55d0	IKS01A1_test.elf
'Finished building: IKS01A1_test.elf.size'
' '
21:46:02 **** Auto Build of configuration Debug for project IKS01A1_test ****
make all 
'Building file: ../src/LPS25HB.c'
'Invoking: MicroBlaze gcc compiler'
mb-gcc -Wall -O0 -g3 -c -fmessage-length=0 -MT"src/LPS25HB.o" -I../../IKS01A1_test_bsp/iop3_mb/include -mlittle-endian -mcpu=v9.6 -mxl-soft-mul -Wl,--no-relax -MMD -MP -MF"src/LPS25HB.d" -MT"src/LPS25HB.o" -o "src/LPS25HB.o" "../src/LPS25HB.c"
'Finished building: ../src/LPS25HB.c'
' '
'Building target: IKS01A1_test.elf'
'Invoking: MicroBlaze gcc linker'
mb-gcc -Wl,-T -Wl,../src/lscript.ld -L../../IKS01A1_test_bsp/iop3_mb/lib -mlittle-endian -mcpu=v9.6 -mxl-soft-mul -Wl,--no-relax -o "IKS01A1_test.elf"  ./src/HTS221.o ./src/LIS3MDL.o ./src/LPS25HB.o ./src/LSM6DS0.o ./src/arduino_IKS01A1.o ./src/myiic.o   -Wl,--start-group,-lxil,-lgcc,-lc,--end-group
'Finished building target: IKS01A1_test.elf'
' '
'Invoking: MicroBlaze Print Size'
mb-size IKS01A1_test.elf  |tee "IKS01A1_test.elf.size"
   text	   data	    bss	    dec	    hex	filename
  17988	    628	   3352	  21968	   55d0	IKS01A1_test.elf
'Finished building: IKS01A1_test.elf.size'
' '
21:46:47 **** Auto Build of configuration Debug for project IKS01A1_test ****
make all 
'Building file: ../src/arduino_IKS01A1.c'
'Invoking: MicroBlaze gcc compiler'
mb-gcc -Wall -O0 -g3 -c -fmessage-length=0 -MT"src/arduino_IKS01A1.o" -I../../IKS01A1_test_bsp/iop3_mb/include -mlittle-endian -mcpu=v9.6 -mxl-soft-mul -Wl,--no-relax -MMD -MP -MF"src/arduino_IKS01A1.d" -MT"src/arduino_IKS01A1.o" -o "src/arduino_IKS01A1.o" "../src/arduino_IKS01A1.c"
'Finished building: ../src/arduino_IKS01A1.c'
' '
'Building target: IKS01A1_test.elf'
'Invoking: MicroBlaze gcc linker'
mb-gcc -Wl,-T -Wl,../src/lscript.ld -L../../IKS01A1_test_bsp/iop3_mb/lib -mlittle-endian -mcpu=v9.6 -mxl-soft-mul -Wl,--no-relax -o "IKS01A1_test.elf"  ./src/HTS221.o ./src/LIS3MDL.o ./src/LPS25HB.o ./src/LSM6DS0.o ./src/arduino_IKS01A1.o ./src/myiic.o   -Wl,--start-group,-lxil,-lgcc,-lc,--end-group
'Finished building target: IKS01A1_test.elf'
' '
'Invoking: MicroBlaze Print Size'
mb-size IKS01A1_test.elf  |tee "IKS01A1_test.elf.size"
   text	   data	    bss	    dec	    hex	filename
  18020	    628	   3352	  22000	   55f0	IKS01A1_test.elf
'Finished building: IKS01A1_test.elf.size'
' '
21:48:44 **** Auto Build of configuration Debug for project IKS01A1_test ****
make all 
'Building file: ../src/LPS25HB.c'
'Invoking: MicroBlaze gcc compiler'
mb-gcc -Wall -O0 -g3 -c -fmessage-length=0 -MT"src/LPS25HB.o" -I../../IKS01A1_test_bsp/iop3_mb/include -mlittle-endian -mcpu=v9.6 -mxl-soft-mul -Wl,--no-relax -MMD -MP -MF"src/LPS25HB.d" -MT"src/LPS25HB.o" -o "src/LPS25HB.o" "../src/LPS25HB.c"
'Finished building: ../src/LPS25HB.c'
' '
'Building file: ../src/arduino_IKS01A1.c'
'Invoking: MicroBlaze gcc compiler'
mb-gcc -Wall -O0 -g3 -c -fmessage-length=0 -MT"src/arduino_IKS01A1.o" -I../../IKS01A1_test_bsp/iop3_mb/include -mlittle-endian -mcpu=v9.6 -mxl-soft-mul -Wl,--no-relax -MMD -MP -MF"src/arduino_IKS01A1.d" -MT"src/arduino_IKS01A1.o" -o "src/arduino_IKS01A1.o" "../src/arduino_IKS01A1.c"
'Finished building: ../src/arduino_IKS01A1.c'
' '
'Building target: IKS01A1_test.elf'
'Invoking: MicroBlaze gcc linker'
mb-gcc -Wl,-T -Wl,../src/lscript.ld -L../../IKS01A1_test_bsp/iop3_mb/lib -mlittle-endian -mcpu=v9.6 -mxl-soft-mul -Wl,--no-relax -o "IKS01A1_test.elf"  ./src/HTS221.o ./src/LIS3MDL.o ./src/LPS25HB.o ./src/LSM6DS0.o ./src/arduino_IKS01A1.o ./src/myiic.o   -Wl,--start-group,-lxil,-lgcc,-lc,--end-group
'Finished building target: IKS01A1_test.elf'
' '
'Invoking: MicroBlaze Print Size'
mb-size IKS01A1_test.elf  |tee "IKS01A1_test.elf.size"
   text	   data	    bss	    dec	    hex	filename
  18020	    628	   3352	  22000	   55f0	IKS01A1_test.elf
'Finished building: IKS01A1_test.elf.size'
' '
21:48:46 **** Auto Build of configuration Debug for project IKS01A1_test ****
make all 
'Building file: ../src/LPS25HB.c'
'Invoking: MicroBlaze gcc compiler'
mb-gcc -Wall -O0 -g3 -c -fmessage-length=0 -MT"src/LPS25HB.o" -I../../IKS01A1_test_bsp/iop3_mb/include -mlittle-endian -mcpu=v9.6 -mxl-soft-mul -Wl,--no-relax -MMD -MP -MF"src/LPS25HB.d" -MT"src/LPS25HB.o" -o "src/LPS25HB.o" "../src/LPS25HB.c"
'Finished building: ../src/LPS25HB.c'
' '
'Building target: IKS01A1_test.elf'
'Invoking: MicroBlaze gcc linker'
mb-gcc -Wl,-T -Wl,../src/lscript.ld -L../../IKS01A1_test_bsp/iop3_mb/lib -mlittle-endian -mcpu=v9.6 -mxl-soft-mul -Wl,--no-relax -o "IKS01A1_test.elf"  ./src/HTS221.o ./src/LIS3MDL.o ./src/LPS25HB.o ./src/LSM6DS0.o ./src/arduino_IKS01A1.o ./src/myiic.o   -Wl,--start-group,-lxil,-lgcc,-lc,--end-group
'Finished building target: IKS01A1_test.elf'
' '
'Invoking: MicroBlaze Print Size'
mb-size IKS01A1_test.elf  |tee "IKS01A1_test.elf.size"
   text	   data	    bss	    dec	    hex	filename
  18020	    628	   3352	  22000	   55f0	IKS01A1_test.elf
'Finished building: IKS01A1_test.elf.size'
' '
21:50:05 **** Auto Build of configuration Debug for project IKS01A1_test ****
make all 
'Building file: ../src/arduino_IKS01A1.c'
'Invoking: MicroBlaze gcc compiler'
mb-gcc -Wall -O0 -g3 -c -fmessage-length=0 -MT"src/arduino_IKS01A1.o" -I../../IKS01A1_test_bsp/iop3_mb/include -mlittle-endian -mcpu=v9.6 -mxl-soft-mul -Wl,--no-relax -MMD -MP -MF"src/arduino_IKS01A1.d" -MT"src/arduino_IKS01A1.o" -o "src/arduino_IKS01A1.o" "../src/arduino_IKS01A1.c"
'Finished building: ../src/arduino_IKS01A1.c'
' '
'Building target: IKS01A1_test.elf'
'Invoking: MicroBlaze gcc linker'
mb-gcc -Wl,-T -Wl,../src/lscript.ld -L../../IKS01A1_test_bsp/iop3_mb/lib -mlittle-endian -mcpu=v9.6 -mxl-soft-mul -Wl,--no-relax -o "IKS01A1_test.elf"  ./src/HTS221.o ./src/LIS3MDL.o ./src/LPS25HB.o ./src/LSM6DS0.o ./src/arduino_IKS01A1.o ./src/myiic.o   -Wl,--start-group,-lxil,-lgcc,-lc,--end-group
'Finished building target: IKS01A1_test.elf'
' '
'Invoking: MicroBlaze Print Size'
mb-size IKS01A1_test.elf  |tee "IKS01A1_test.elf.size"
   text	   data	    bss	    dec	    hex	filename
  18092	    628	   3360	  22080	   5640	IKS01A1_test.elf
'Finished building: IKS01A1_test.elf.size'
' '
12:34:21 **** Auto Build of project IKS01A1_test_bsp ****
make -k all 
Running Make include in iop3_mb/libsrc/bram_v4_1/src
make -C iop3_mb/libsrc/bram_v4_1/src -s include  "SHELL=/bin/sh" "COMPILER=mb-gcc" "ARCHIVER=mb-ar" "COMPILER_FLAGS= -O2 -c -mcpu=v9.6 -mlittle-endian -mxl-soft-mul" "EXTRA_COMPILER_FLAGS=-g"
Running Make include in iop3_mb/libsrc/gpio_v4_1/src
make -C iop3_mb/libsrc/gpio_v4_1/src -s include  "SHELL=/bin/sh" "COMPILER=mb-gcc" "ARCHIVER=mb-ar" "COMPILER_FLAGS= -O2 -c -mcpu=v9.6 -mlittle-endian -mxl-soft-mul" "EXTRA_COMPILER_FLAGS=-g"
Running Make include in iop3_mb/libsrc/iic_v3_2/src
make -C iop3_mb/libsrc/iic_v3_2/src -s include  "SHELL=/bin/sh" "COMPILER=mb-gcc" "ARCHIVER=mb-ar" "COMPILER_FLAGS= -O2 -c -mcpu=v9.6 -mlittle-endian -mxl-soft-mul" "EXTRA_COMPILER_FLAGS=-g"
Running Make include in iop3_mb/libsrc/tmrctr_v4_1/src
make -C iop3_mb/libsrc/tmrctr_v4_1/src -s include  "SHELL=/bin/sh" "COMPILER=mb-gcc" "ARCHIVER=mb-ar" "COMPILER_FLAGS= -O2 -c -mcpu=v9.6 -mlittle-endian -mxl-soft-mul" "EXTRA_COMPILER_FLAGS=-g"
Running Make include in iop3_mb/libsrc/spi_v4_2/src
make -C iop3_mb/libsrc/spi_v4_2/src -s include  "SHELL=/bin/sh" "COMPILER=mb-gcc" "ARCHIVER=mb-ar" "COMPILER_FLAGS= -O2 -c -mcpu=v9.6 -mlittle-endian -mxl-soft-mul" "EXTRA_COMPILER_FLAGS=-g"
Running Make include in iop3_mb/libsrc/uartlite_v3_2/src
make -C iop3_mb/libsrc/uartlite_v3_2/src -s include  "SHELL=/bin/sh" "COMPILER=mb-gcc" "ARCHIVER=mb-ar" "COMPILER_FLAGS= -O2 -c -mcpu=v9.6 -mlittle-endian -mxl-soft-mul" "EXTRA_COMPILER_FLAGS=-g"
Running Make include in iop3_mb/libsrc/sysmon_v7_2/src
make -C iop3_mb/libsrc/sysmon_v7_2/src -s include  "SHELL=/bin/sh" "COMPILER=mb-gcc" "ARCHIVER=mb-ar" "COMPILER_FLAGS= -O2 -c -mcpu=v9.6 -mlittle-endian -mxl-soft-mul" "EXTRA_COMPILER_FLAGS=-g"
Running Make include in iop3_mb/libsrc/standalone_v5_4/src
make -C iop3_mb/libsrc/standalone_v5_4/src -s include  "SHELL=/bin/sh" "COMPILER=mb-gcc" "ARCHIVER=mb-ar" "COMPILER_FLAGS= -O2 -c -mcpu=v9.6 -mlittle-endian -mxl-soft-mul" "EXTRA_COMPILER_FLAGS=-g"
Running Make include in iop3_mb/libsrc/cpu_v2_4/src
make -C iop3_mb/libsrc/cpu_v2_4/src -s include  "SHELL=/bin/sh" "COMPILER=mb-gcc" "ARCHIVER=mb-ar" "COMPILER_FLAGS= -O2 -c -mcpu=v9.6 -mlittle-endian -mxl-soft-mul" "EXTRA_COMPILER_FLAGS=-g"
Running Make include in iop3_mb/libsrc/arduino_io_switch_v1_0/src
make -C iop3_mb/libsrc/arduino_io_switch_v1_0/src -s include  "SHELL=/bin/sh" "COMPILER=mb-gcc" "ARCHIVER=mb-ar" "COMPILER_FLAGS= -O2 -c -mcpu=v9.6 -mlittle-endian -mxl-soft-mul" "EXTRA_COMPILER_FLAGS=-g"
Running Make include in iop3_mb/libsrc/intc_v3_5/src
make -C iop3_mb/libsrc/intc_v3_5/src -s include  "SHELL=/bin/sh" "COMPILER=mb-gcc" "ARCHIVER=mb-ar" "COMPILER_FLAGS= -O2 -c -mcpu=v9.6 -mlittle-endian -mxl-soft-mul" "EXTRA_COMPILER_FLAGS=-g"
Running Make libs in iop3_mb/libsrc/bram_v4_1/src
make -C iop3_mb/libsrc/bram_v4_1/src -s libs  "SHELL=/bin/sh" "COMPILER=mb-gcc" "ARCHIVER=mb-ar" "COMPILER_FLAGS= -O2 -c -mcpu=v9.6 -mlittle-endian -mxl-soft-mul" "EXTRA_COMPILER_FLAGS=-g"
Compiling bram
Running Make libs in iop3_mb/libsrc/gpio_v4_1/src
make -C iop3_mb/libsrc/gpio_v4_1/src -s libs  "SHELL=/bin/sh" "COMPILER=mb-gcc" "ARCHIVER=mb-ar" "COMPILER_FLAGS= -O2 -c -mcpu=v9.6 -mlittle-endian -mxl-soft-mul" "EXTRA_COMPILER_FLAGS=-g"
Compiling gpio
Running Make libs in iop3_mb/libsrc/iic_v3_2/src
make -C iop3_mb/libsrc/iic_v3_2/src -s libs  "SHELL=/bin/sh" "COMPILER=mb-gcc" "ARCHIVER=mb-ar" "COMPILER_FLAGS= -O2 -c -mcpu=v9.6 -mlittle-endian -mxl-soft-mul" "EXTRA_COMPILER_FLAGS=-g"
Compiling iic
Running Make libs in iop3_mb/libsrc/tmrctr_v4_1/src
make -C iop3_mb/libsrc/tmrctr_v4_1/src -s libs  "SHELL=/bin/sh" "COMPILER=mb-gcc" "ARCHIVER=mb-ar" "COMPILER_FLAGS= -O2 -c -mcpu=v9.6 -mlittle-endian -mxl-soft-mul" "EXTRA_COMPILER_FLAGS=-g"
Compiling tmrctr
Running Make libs in iop3_mb/libsrc/spi_v4_2/src
make -C iop3_mb/libsrc/spi_v4_2/src -s libs  "SHELL=/bin/sh" "COMPILER=mb-gcc" "ARCHIVER=mb-ar" "COMPILER_FLAGS= -O2 -c -mcpu=v9.6 -mlittle-endian -mxl-soft-mul" "EXTRA_COMPILER_FLAGS=-g"
Compiling spi
Running Make libs in iop3_mb/libsrc/uartlite_v3_2/src
make -C iop3_mb/libsrc/uartlite_v3_2/src -s libs  "SHELL=/bin/sh" "COMPILER=mb-gcc" "ARCHIVER=mb-ar" "COMPILER_FLAGS= -O2 -c -mcpu=v9.6 -mlittle-endian -mxl-soft-mul" "EXTRA_COMPILER_FLAGS=-g"
Compiling uartlite
Running Make libs in iop3_mb/libsrc/sysmon_v7_2/src
make -C iop3_mb/libsrc/sysmon_v7_2/src -s libs  "SHELL=/bin/sh" "COMPILER=mb-gcc" "ARCHIVER=mb-ar" "COMPILER_FLAGS= -O2 -c -mcpu=v9.6 -mlittle-endian -mxl-soft-mul" "EXTRA_COMPILER_FLAGS=-g"
Compiling sysmon
Running Make libs in iop3_mb/libsrc/standalone_v5_4/src
make -C iop3_mb/libsrc/standalone_v5_4/src -s libs  "SHELL=/bin/sh" "COMPILER=mb-gcc" "ARCHIVER=mb-ar" "COMPILER_FLAGS= -O2 -c -mcpu=v9.6 -mlittle-endian -mxl-soft-mul" "EXTRA_COMPILER_FLAGS=-g"
Compiling standalone
Running Make libs in iop3_mb/libsrc/cpu_v2_4/src
make -C iop3_mb/libsrc/cpu_v2_4/src -s libs  "SHELL=/bin/sh" "COMPILER=mb-gcc" "ARCHIVER=mb-ar" "COMPILER_FLAGS= -O2 -c -mcpu=v9.6 -mlittle-endian -mxl-soft-mul" "EXTRA_COMPILER_FLAGS=-g"
Compiling cpu
Running Make libs in iop3_mb/libsrc/arduino_io_switch_v1_0/src
make -C iop3_mb/libsrc/arduino_io_switch_v1_0/src -s libs  "SHELL=/bin/sh" "COMPILER=mb-gcc" "ARCHIVER=mb-ar" "COMPILER_FLAGS= -O2 -c -mcpu=v9.6 -mlittle-endian -mxl-soft-mul" "EXTRA_COMPILER_FLAGS=-g"
Compiling arduino_io_switch...
Running Make libs in iop3_mb/libsrc/intc_v3_5/src
make -C iop3_mb/libsrc/intc_v3_5/src -s libs  "SHELL=/bin/sh" "COMPILER=mb-gcc" "ARCHIVER=mb-ar" "COMPILER_FLAGS= -O2 -c -mcpu=v9.6 -mlittle-endian -mxl-soft-mul" "EXTRA_COMPILER_FLAGS=-g"
Compiling intc
Finished building libraries
12:34:29 **** Auto Build of configuration Debug for project IKS01A1_test ****
make all 
Building file: ../src/HTS221.c
Invoking: MicroBlaze gcc compiler
mb-gcc -Wall -O0 -g3 -c -fmessage-length=0 -MT"src/HTS221.o" -I../../IKS01A1_test_bsp/iop3_mb/include -mlittle-endian -mcpu=v9.6 -mxl-soft-mul -Wl,--no-relax -MMD -MP -MF"src/HTS221.d" -MT"src/HTS221.o" -o "src/HTS221.o" "../src/HTS221.c"
Finished building: ../src/HTS221.c
 
Building file: ../src/LIS3MDL.c
Invoking: MicroBlaze gcc compiler
mb-gcc -Wall -O0 -g3 -c -fmessage-length=0 -MT"src/LIS3MDL.o" -I../../IKS01A1_test_bsp/iop3_mb/include -mlittle-endian -mcpu=v9.6 -mxl-soft-mul -Wl,--no-relax -MMD -MP -MF"src/LIS3MDL.d" -MT"src/LIS3MDL.o" -o "src/LIS3MDL.o" "../src/LIS3MDL.c"
Finished building: ../src/LIS3MDL.c
 
Building file: ../src/LPS25HB.c
Invoking: MicroBlaze gcc compiler
mb-gcc -Wall -O0 -g3 -c -fmessage-length=0 -MT"src/LPS25HB.o" -I../../IKS01A1_test_bsp/iop3_mb/include -mlittle-endian -mcpu=v9.6 -mxl-soft-mul -Wl,--no-relax -MMD -MP -MF"src/LPS25HB.d" -MT"src/LPS25HB.o" -o "src/LPS25HB.o" "../src/LPS25HB.c"
Finished building: ../src/LPS25HB.c
 
Building file: ../src/LSM6DS0.c
Invoking: MicroBlaze gcc compiler
mb-gcc -Wall -O0 -g3 -c -fmessage-length=0 -MT"src/LSM6DS0.o" -I../../IKS01A1_test_bsp/iop3_mb/include -mlittle-endian -mcpu=v9.6 -mxl-soft-mul -Wl,--no-relax -MMD -MP -MF"src/LSM6DS0.d" -MT"src/LSM6DS0.o" -o "src/LSM6DS0.o" "../src/LSM6DS0.c"
Finished building: ../src/LSM6DS0.c
 
Building file: ../src/arduino_IKS01A1.c
Invoking: MicroBlaze gcc compiler
mb-gcc -Wall -O0 -g3 -c -fmessage-length=0 -MT"src/arduino_IKS01A1.o" -I../../IKS01A1_test_bsp/iop3_mb/include -mlittle-endian -mcpu=v9.6 -mxl-soft-mul -Wl,--no-relax -MMD -MP -MF"src/arduino_IKS01A1.d" -MT"src/arduino_IKS01A1.o" -o "src/arduino_IKS01A1.o" "../src/arduino_IKS01A1.c"
Finished building: ../src/arduino_IKS01A1.c
 
Building file: ../src/myiic.c
Invoking: MicroBlaze gcc compiler
mb-gcc -Wall -O0 -g3 -c -fmessage-length=0 -MT"src/myiic.o" -I../../IKS01A1_test_bsp/iop3_mb/include -mlittle-endian -mcpu=v9.6 -mxl-soft-mul -Wl,--no-relax -MMD -MP -MF"src/myiic.d" -MT"src/myiic.o" -o "src/myiic.o" "../src/myiic.c"
Finished building: ../src/myiic.c
 
Building target: IKS01A1_test.elf
Invoking: MicroBlaze gcc linker
mb-gcc -Wl,-T -Wl,../src/lscript.ld -L../../IKS01A1_test_bsp/iop3_mb/lib -mlittle-endian -mcpu=v9.6 -mxl-soft-mul -Wl,--no-relax -o "IKS01A1_test.elf"  ./src/HTS221.o ./src/LIS3MDL.o ./src/LPS25HB.o ./src/LSM6DS0.o ./src/arduino_IKS01A1.o ./src/myiic.o   -Wl,--start-group,-lxil,-lgcc,-lc,--end-group
Finished building target: IKS01A1_test.elf
 
Invoking: MicroBlaze Print Size
mb-size IKS01A1_test.elf  |tee "IKS01A1_test.elf.size"
   text	   data	    bss	    dec	    hex	filename
  18096	    628	   3356	  22080	   5640	IKS01A1_test.elf
Finished building: IKS01A1_test.elf.size
 
13:16:45 **** Auto Build of configuration Debug for project IKS01A1_test ****
make all 
Building file: ../src/arduino_IKS01A1.c
Invoking: MicroBlaze gcc compiler
mb-gcc -Wall -O0 -g3 -c -fmessage-length=0 -MT"src/arduino_IKS01A1.o" -I../../IKS01A1_test_bsp/iop3_mb/include -mlittle-endian -mcpu=v9.6 -mxl-soft-mul -Wl,--no-relax -MMD -MP -MF"src/arduino_IKS01A1.d" -MT"src/arduino_IKS01A1.o" -o "src/arduino_IKS01A1.o" "../src/arduino_IKS01A1.c"
Finished building: ../src/arduino_IKS01A1.c
 
Building target: IKS01A1_test.elf
Invoking: MicroBlaze gcc linker
mb-gcc -Wl,-T -Wl,../src/lscript.ld -L../../IKS01A1_test_bsp/iop3_mb/lib -mlittle-endian -mcpu=v9.6 -mxl-soft-mul -Wl,--no-relax -o "IKS01A1_test.elf"  ./src/HTS221.o ./src/LIS3MDL.o ./src/LPS25HB.o ./src/LSM6DS0.o ./src/arduino_IKS01A1.o ./src/myiic.o   -Wl,--start-group,-lxil,-lgcc,-lc,--end-group
Finished building target: IKS01A1_test.elf
 
Invoking: MicroBlaze Print Size
mb-size IKS01A1_test.elf  |tee "IKS01A1_test.elf.size"
   text	   data	    bss	    dec	    hex	filename
  18096	    628	   3356	  22080	   5640	IKS01A1_test.elf
Finished building: IKS01A1_test.elf.size
 
13:51:56 **** Auto Build of configuration Debug for project IKS01A1_test ****
make all 
Building file: ../src/arduino_IKS01A1.c
Invoking: MicroBlaze gcc compiler
mb-gcc -Wall -O0 -g3 -c -fmessage-length=0 -MT"src/arduino_IKS01A1.o" -I../../IKS01A1_test_bsp/iop3_mb/include -mlittle-endian -mcpu=v9.6 -mxl-soft-mul -Wl,--no-relax -MMD -MP -MF"src/arduino_IKS01A1.d" -MT"src/arduino_IKS01A1.o" -o "src/arduino_IKS01A1.o" "../src/arduino_IKS01A1.c"
Finished building: ../src/arduino_IKS01A1.c
 
Building target: IKS01A1_test.elf
Invoking: MicroBlaze gcc linker
mb-gcc -Wl,-T -Wl,../src/lscript.ld -L../../IKS01A1_test_bsp/iop3_mb/lib -mlittle-endian -mcpu=v9.6 -mxl-soft-mul -Wl,--no-relax -o "IKS01A1_test.elf"  ./src/HTS221.o ./src/LIS3MDL.o ./src/LPS25HB.o ./src/LSM6DS0.o ./src/arduino_IKS01A1.o ./src/myiic.o   -Wl,--start-group,-lxil,-lgcc,-lc,--end-group
Finished building target: IKS01A1_test.elf
 
Invoking: MicroBlaze Print Size
mb-size IKS01A1_test.elf  |tee "IKS01A1_test.elf.size"
   text	   data	    bss	    dec	    hex	filename
  18136	    628	   3356	  22120	   5668	IKS01A1_test.elf
Finished building: IKS01A1_test.elf.size
 
14:10:42 **** Incremental Build of configuration Debug for project IKS01A1_test ****
make all 
make: Nothing to be done for 'all'.
14:11:08 **** Incremental Build of configuration Debug for project IKS01A1_test ****
make all 
make: Nothing to be done for 'all'.
14:11:15 **** Incremental Build of configuration Debug for project IKS01A1_test ****
make all 
make: Nothing to be done for 'all'.
14:11:27 **** Incremental Build of configuration Debug for project IKS01A1_test ****
make all 
make: Nothing to be done for 'all'.
14:12:00 **** Incremental Build of configuration Debug for project IKS01A1_test ****
make all 
make: Nothing to be done for 'all'.
14:12:14 **** Incremental Build of configuration Debug for project IKS01A1_test ****
make all 
make: Nothing to be done for 'all'.
14:15:58 **** Incremental Build of configuration Debug for project IKS01A1_test ****
make all 
make: Nothing to be done for 'all'.
14:16:37 **** Incremental Build of configuration Debug for project IKS01A1_test ****
make all 
make: Nothing to be done for 'all'.
14:22:52 **** Incremental Build of configuration Debug for project IKS01A1_test ****
make all 
make: Nothing to be done for 'all'.
14:23:29 **** Incremental Build of configuration Debug for project IKS01A1_test ****
make all 
make: Nothing to be done for 'all'.
14:38:40 **** Incremental Build of configuration Debug for project IKS01A1_test ****
make all 
make: Nothing to be done for 'all'.
14:39:38 **** Incremental Build of configuration Debug for project IKS01A1_test ****
make all 
make: Nothing to be done for 'all'.
14:40:37 **** Incremental Build of configuration Debug for project IKS01A1_test ****
make all 
make: Nothing to be done for 'all'.
14:43:51 **** Incremental Build of configuration Debug for project IKS01A1_test ****
make all 
make: Nothing to be done for 'all'.
14:49:23 **** Incremental Build of configuration Debug for project IKS01A1_test ****
make all 
make: Nothing to be done for 'all'.
15:15:49 **** Auto Build of configuration Debug for project IKS01A1_test ****
make all 
make: Nothing to be done for 'all'.
